Archive member included to satisfy reference by file (symbol)

c:/progra~1/raspbe~1/picosd~1.1/gcc-ar~1/bin/../lib/gcc/arm-none-eabi/10.3.1/thumb/v6-m/nofp\libgcc.a(_dvmd_tls.o)
                              CMakeFiles/CORE_MQTT.dir/ae783cfadb10a0055c655bcf0b179659/pico-sdk/src/rp2_common/pico_divider/divider.S.obj (__aeabi_idiv0)
c:/progra~1/raspbe~1/picosd~1.1/gcc-ar~1/bin/../lib/gcc/arm-none-eabi/10.3.1/../../../../arm-none-eabi/lib/thumb/v6-m/nofp\libc.a(lib_a-atoi.o)
                              CMakeFiles/CORE_MQTT.dir/C_/Program_Files/Raspberry_Pi/Pico_SDK_v1.5.1/pico-sdk/lib/lwip/src/core/netif.c.obj (atoi)
c:/progra~1/raspbe~1/picosd~1.1/gcc-ar~1/bin/../lib/gcc/arm-none-eabi/10.3.1/../../../../arm-none-eabi/lib/thumb/v6-m/nofp\libc.a(lib_a-calloc.o)
                              CMakeFiles/CORE_MQTT.dir/ae783cfadb10a0055c655bcf0b179659/pico-sdk/src/rp2_common/pico_malloc/pico_malloc.c.obj (calloc)
c:/progra~1/raspbe~1/picosd~1.1/gcc-ar~1/bin/../lib/gcc/arm-none-eabi/10.3.1/../../../../arm-none-eabi/lib/thumb/v6-m/nofp\libc.a(lib_a-callocr.o)
                              c:/progra~1/raspbe~1/picosd~1.1/gcc-ar~1/bin/../lib/gcc/arm-none-eabi/10.3.1/../../../../arm-none-eabi/lib/thumb/v6-m/nofp\libc.a(lib_a-calloc.o) (_calloc_r)
c:/progra~1/raspbe~1/picosd~1.1/gcc-ar~1/bin/../lib/gcc/arm-none-eabi/10.3.1/../../../../arm-none-eabi/lib/thumb/v6-m/nofp\libc.a(lib_a-ctype_.o)
                              CMakeFiles/CORE_MQTT.dir/C_/Program_Files/Raspberry_Pi/Pico_SDK_v1.5.1/pico-sdk/lib/lwip/src/core/dns.c.obj (_ctype_)
c:/progra~1/raspbe~1/picosd~1.1/gcc-ar~1/bin/../lib/gcc/arm-none-eabi/10.3.1/../../../../arm-none-eabi/lib/thumb/v6-m/nofp\libc.a(lib_a-errno.o)
                              c:/progra~1/raspbe~1/picosd~1.1/gcc-ar~1/bin/../lib/gcc/arm-none-eabi/10.3.1/../../../../arm-none-eabi/lib/thumb/v6-m/nofp\libc.a(lib_a-callocr.o) (__errno)
c:/progra~1/raspbe~1/picosd~1.1/gcc-ar~1/bin/../lib/gcc/arm-none-eabi/10.3.1/../../../../arm-none-eabi/lib/thumb/v6-m/nofp\libc.a(lib_a-impure.o)
                              c:/progra~1/raspbe~1/picosd~1.1/gcc-ar~1/bin/../lib/gcc/arm-none-eabi/10.3.1/../../../../arm-none-eabi/lib/thumb/v6-m/nofp\libc.a(lib_a-calloc.o) (_impure_ptr)
c:/progra~1/raspbe~1/picosd~1.1/gcc-ar~1/bin/../lib/gcc/arm-none-eabi/10.3.1/../../../../arm-none-eabi/lib/thumb/v6-m/nofp\libc.a(lib_a-init.o)
                              c:/progra~1/raspbe~1/picosd~1.1/gcc-ar~1/bin/../lib/gcc/arm-none-eabi/10.3.1/../../../../arm-none-eabi/lib/thumb/v6-m/nofp/crt0.o (__libc_init_array)
c:/progra~1/raspbe~1/picosd~1.1/gcc-ar~1/bin/../lib/gcc/arm-none-eabi/10.3.1/../../../../arm-none-eabi/lib/thumb/v6-m/nofp\libc.a(lib_a-malloc.o)
                              CMakeFiles/CORE_MQTT.dir/ae783cfadb10a0055c655bcf0b179659/pico-sdk/src/rp2_common/pico_malloc/pico_malloc.c.obj (malloc)
c:/progra~1/raspbe~1/picosd~1.1/gcc-ar~1/bin/../lib/gcc/arm-none-eabi/10.3.1/../../../../arm-none-eabi/lib/thumb/v6-m/nofp\libc.a(lib_a-mallocr.o)
                              c:/progra~1/raspbe~1/picosd~1.1/gcc-ar~1/bin/../lib/gcc/arm-none-eabi/10.3.1/../../../../arm-none-eabi/lib/thumb/v6-m/nofp\libc.a(lib_a-callocr.o) (_malloc_r)
c:/progra~1/raspbe~1/picosd~1.1/gcc-ar~1/bin/../lib/gcc/arm-none-eabi/10.3.1/../../../../arm-none-eabi/lib/thumb/v6-m/nofp\libc.a(lib_a-memcmp.o)
                              CMakeFiles/CORE_MQTT.dir/C_/Program_Files/Raspberry_Pi/Pico_SDK_v1.5.1/pico-sdk/lib/lwip/src/netif/ethernet.c.obj (memcmp)
c:/progra~1/raspbe~1/picosd~1.1/gcc-ar~1/bin/../lib/gcc/arm-none-eabi/10.3.1/../../../../arm-none-eabi/lib/thumb/v6-m/nofp\libc.a(lib_a-memmove.o)
                              CMakeFiles/CORE_MQTT.dir/C_/Program_Files/Raspberry_Pi/Pico_SDK_v1.5.1/pico-sdk/lib/lwip/src/core/def.c.obj (memmove)
c:/progra~1/raspbe~1/picosd~1.1/gcc-ar~1/bin/../lib/gcc/arm-none-eabi/10.3.1/../../../../arm-none-eabi/lib/thumb/v6-m/nofp\libc.a(lib_a-mlock.o)
                              c:/progra~1/raspbe~1/picosd~1.1/gcc-ar~1/bin/../lib/gcc/arm-none-eabi/10.3.1/../../../../arm-none-eabi/lib/thumb/v6-m/nofp\libc.a(lib_a-mallocr.o) (__malloc_lock)
c:/progra~1/raspbe~1/picosd~1.1/gcc-ar~1/bin/../lib/gcc/arm-none-eabi/10.3.1/../../../../arm-none-eabi/lib/thumb/v6-m/nofp\libc.a(lib_a-realloc.o)
                              CMakeFiles/CORE_MQTT.dir/ae783cfadb10a0055c655bcf0b179659/pico-sdk/src/rp2_common/pico_malloc/pico_malloc.c.obj (realloc)
c:/progra~1/raspbe~1/picosd~1.1/gcc-ar~1/bin/../lib/gcc/arm-none-eabi/10.3.1/../../../../arm-none-eabi/lib/thumb/v6-m/nofp\libc.a(lib_a-reallocr.o)
                              c:/progra~1/raspbe~1/picosd~1.1/gcc-ar~1/bin/../lib/gcc/arm-none-eabi/10.3.1/../../../../arm-none-eabi/lib/thumb/v6-m/nofp\libc.a(lib_a-realloc.o) (_realloc_r)
c:/progra~1/raspbe~1/picosd~1.1/gcc-ar~1/bin/../lib/gcc/arm-none-eabi/10.3.1/../../../../arm-none-eabi/lib/thumb/v6-m/nofp\libc.a(lib_a-sbrkr.o)
[...]
Memory Configuration

Name             Origin             Length             Attributes
FLASH            0x10000000         0x00200000         xr
RAM              0x20000000         0x00040000         xrw
SCRATCH_X        0x20040000         0x00001000         xrw
SCRATCH_Y        0x20041000         0x00001000         xrw
*default*        0x00000000         0xffffffff

Linker script and memory map

LOAD c:/progra~1/raspbe~1/picosd~1.1/gcc-ar~1/bin/../lib/gcc/arm-none-eabi/10.3.1/thumb/v6-m/nofp/crti.o
LOAD c:/progra~1/raspbe~1/picosd~1.1/gcc-ar~1/bin/../lib/gcc/arm-none-eabi/10.3.1/thumb/v6-m/nofp/crtbegin.o
LOAD c:/progra~1/raspbe~1/picosd~1.1/gcc-ar~1/bin/../lib/gcc/arm-none-eabi/10.3.1/../../../../arm-none-eabi/lib/thumb/v6-m/nofp/crt0.o

.flash_begin    0x10000000        0x0
                0x10000000                __flash_binary_start = .

.boot2          0x10000000      0x100
                0x10000000                __boot2_start__ = .
 *(.boot2)
 .boot2         0x10000000      0x100 C:\Users\445095\AppData\Local\Temp\ccmFk8k9.o
                0x10000100                __boot2_end__ = .
                0x00000001                ASSERT (((__boot2_end__ - __boot2_start__) == 0x100), ERROR: Pico second stage bootloader must be 256 bytes in size)

.text           0x10000100    0x192a0
                0x10000100                __logical_binary_start = .
 *(.vectors)
 .vectors       0x10000100       0xd4 CMakeFiles/CORE_MQTT.dir/ae783cfadb10a0055c655bcf0b179659/pico-sdk/src/rp2_common/pico_standard_link/crt0.S.obj
                0x10000100                __VECTOR_TABLE
                0x10000100                __vectors
                0x100001c0                isr_invalid
                0x100001c0                __default_isrs_start
                0x100001c2                isr_nmi
                0x100001c4                isr_hardfault
                0x100001c6                isr_svcall
                0x100001c8                isr_pendsv
                0x100001ca                isr_systick
                0x100001cc                isr_irq23
                0x100001cc                isr_irq18
                0x100001cc                isr_irq11
                0x100001cc                isr_irq28
                0x100001cc                isr_irq19
                0x100001cc                isr_irq0
                0x100001cc                isr_irq6
                0x100001cc                isr_irq5
                0x100001cc                isr_irq12
                0x100001cc                isr_irq22
                0x100001cc                isr_irq31
                0x100001cc                isr_irq17
                0x100001cc                isr_irq27
                0x100001cc                isr_irq30
                0x100001cc                isr_irq2
                0x100001cc                isr_irq10
                0x100001cc                isr_irq8
                0x100001cc                isr_irq24
                0x100001cc                isr_irq1
                0x100001cc                isr_irq7
                0x100001cc                isr_irq21
                0x100001cc                isr_irq20
                0x100001cc                isr_irq15
                0x100001cc                isr_irq25
                0x100001cc                isr_irq13
                0x100001cc                __unhandled_user_irq
                0x100001cc                isr_irq4
                0x100001cc                isr_irq16
                0x100001cc                isr_irq29
                0x100001cc                isr_irq26
                0x100001cc                __default_isrs_end
                0x100001cc                isr_irq3
                0x100001cc                isr_irq14
                0x100001cc                isr_irq9
                0x100001d2                unhandled_user_irq_num_in_r0
 *(.binary_info_header)
 .binary_info_header
                0x100001d4       0x14 CMakeFiles/CORE_MQTT.dir/ae783cfadb10a0055c655bcf0b179659/pico-sdk/src/rp2_common/pico_standard_link/crt0.S.obj
                0x100001e8                __binary_info_header_end = .
 *(.reset)
 .reset         0x100001e8       0xa0 CMakeFiles/CORE_MQTT.dir/ae783cfadb10a0055c655bcf0b179659/pico-sdk/src/rp2_common/pico_standard_link/crt0.S.obj
                0x100001e8                _entry_point
 .reset         0x10000288       0x30 CMakeFiles/CORE_MQTT.dir/734ab788d52071b7ec936fd1cf9a593e/src/rp2_common/pico_standard_link/binary_info.c.obj
 *(.init)
 .init          0x100002b8        0x4 c:/progra~1/raspbe~1/picosd~1.1/gcc-ar~1/bin/../lib/gcc/arm-none-eabi/10.3.1/thumb/v6-m/nofp/crti.o
                0x100002b8                _init
 *(EXCLUDE_FILE(*libm.a: *libc.a:*lib_a-mem*.o *libgcc.a:) .text*)
 .text          0x100002bc       0x48 c:/progra~1/raspbe~1/picosd~1.1/gcc-ar~1/bin/../lib/gcc/arm-none-eabi/10.3.1/thumb/v6-m/nofp/crtbegin.o
 .text.mqtt_request_cb
                0x10000304        0xc CMakeFiles/CORE_MQTT.dir/main.c.obj
 .text.mqtt_connection_cb
                0x10000310        0xc CMakeFiles/CORE_MQTT.dir/main.c.obj
 .text.mqtt_incoming_data_cb
                0x1000031c       0x10 CMakeFiles/CORE_MQTT.dir/main.c.obj
 .text.mqtt_incoming_publish_cb
                0x1000032c       0x10 CMakeFiles/CORE_MQTT.dir/main.c.obj
 .text.startup.main
                0x1000033c      0x1e4 CMakeFiles/CORE_MQTT.dir/main.c.obj
                0x1000033c                main
 .text.board_button_read
                0x10000520       0x10 CMakeFiles/CORE_MQTT.dir/ae783cfadb10a0055c655bcf0b179659/pico-sdk/lib/tinyusb/hw/bsp/rp2040/family.c.obj
                0x10000520                board_button_read
 .text.lwip_timeout_reached
                0x10000530        0x8 CMakeFiles/CORE_MQTT.dir/ae783cfadb10a0055c655bcf0b179659/pico-sdk/src/rp2_common/pico_lwip/lwip_nosys.c.obj
 .text.update_next_timeout
                0x10000538       0x6c CMakeFiles/CORE_MQTT.dir/ae783cfadb10a0055c655bcf0b179659/pico-sdk/src/rp2_common/pico_lwip/lwip_nosys.c.obj
 .text.lwip_nosys_init
                0x100005a4       0x30 CMakeFiles/CORE_MQTT.dir/ae783cfadb10a0055c655bcf0b179659/pico-sdk/src/rp2_common/pico_lwip/lwip_nosys.c.obj
                0x100005a4                lwip_nosys_init
 .text.lwip_nosys_deinit
                0x100005d4       0x20 CMakeFiles/CORE_MQTT.dir/ae783cfadb10a0055c655bcf0b179659/pico-sdk/src/rp2_common/pico_lwip/lwip_nosys.c.obj
                0x100005d4                lwip_nosys_deinit
 .text.sys_arch_protect
                0x100005f4        0x4 CMakeFiles/CORE_MQTT.dir/ae783cfadb10a0055c655bcf0b179659/pico-sdk/src/rp2_common/pico_lwip/lwip_nosys.c.obj
                0x100005f4                sys_arch_protect
 .text.sys_arch_unprotect
                0x100005f8        0x4 CMakeFiles/CORE_MQTT.dir/ae783cfadb10a0055c655bcf0b179659/pico-sdk/src/rp2_common/pico_lwip/lwip_nosys.c.obj
                0x100005f8                sys_arch_unprotect
 .text.sys_now  0x100005fc       0x20 CMakeFiles/CORE_MQTT.dir/ae783cfadb10a0055c655bcf0b179659/pico-sdk/src/rp2_common/pico_lwip/lwip_nosys.c.obj
                0x100005fc                sys_now
 .text.async_context_base_add_at_time_worker
                0x1000061c       0x28 CMakeFiles/CORE_MQTT.dir/734ab788d52071b7ec936fd1cf9a593e/src/rp2_common/pico_async_context/async_context_base.c.obj
                0x1000061c                async_context_base_add_at_time_worker
 .text.async_context_base_remove_at_time_worker
                0x10000644       0x28 CMakeFiles/CORE_MQTT.dir/734ab788d52071b7ec936fd1cf9a593e/src/rp2_common/pico_async_context/async_context_base.c.obj
                0x10000644                async_context_base_remove_at_time_worker
 .text.async_context_base_add_when_pending_worker
                0x1000066c       0x24 CMakeFiles/CORE_MQTT.dir/734ab788d52071b7ec936fd1cf9a593e/src/rp2_common/pico_async_context/async_context_base.c.obj
                0x1000066c                async_context_base_add_when_pending_worker
 .text.async_context_base_remove_when_pending_worker
                0x10000690       0x28 CMakeFiles/CORE_MQTT.dir/734ab788d52071b7ec936fd1cf9a593e/src/rp2_common/pico_async_context/async_context_base.c.obj
                0x10000690                async_context_base_remove_when_pending_worker
 .text.async_context_base_execute_once
                0x100006b8       0xe8 CMakeFiles/CORE_MQTT.dir/734ab788d52071b7ec936fd1cf9a593e/src/rp2_common/pico_async_context/async_context_base.c.obj
                0x100006b8                async_context_base_execute_once
 .text.running_on_fpga
                0x100007a0       0x10 CMakeFiles/CORE_MQTT.dir/ae783cfadb10a0055c655bcf0b179659/pico-sdk/src/rp2_common/pico_platform/platform.c.obj
                0x100007a0                running_on_fpga
 .text.splitmix64
                0x100007b0       0x5c CMakeFiles/CORE_MQTT.dir/C_/Program_Files/Raspberry_Pi/Pico_SDK_v1.5.1/pico-sdk/src/rp2_common/pico_rand/rand.c.obj
 .text.xoroshiro128ss
                0x1000080c       0x90 CMakeFiles/CORE_MQTT.dir/C_/Program_Files/Raspberry_Pi/Pico_SDK_v1.5.1/pico-sdk/src/rp2_common/pico_rand/rand.c.obj
 .text.get_rand_64
                0x1000089c      0x484 CMakeFiles/CORE_MQTT.dir/C_/Program_Files/Raspberry_Pi/Pico_SDK_v1.5.1/pico-sdk/src/rp2_common/pico_rand/rand.c.obj
                0x1000089c                get_rand_64
 .text.get_rand_32
                0x10000d20        0x8 CMakeFiles/CORE_MQTT.dir/C_/Program_Files/Raspberry_Pi/Pico_SDK_v1.5.1/pico-sdk/src/rp2_common/pico_rand/rand.c.obj
                0x10000d20                get_rand_32
 .text.startup._retrieve_unique_id_on_boot
                0x10000d28       0x10 CMakeFiles/CORE_MQTT.dir/ae783cfadb10a0055c655bcf0b179659/pico-sdk/src/rp2_common/pico_unique_id/unique_id.c.obj
 .text.pico_get_unique_board_id
                0x10000d38       0x10 CMakeFiles/CORE_MQTT.dir/ae783cfadb10a0055c655bcf0b179659/pico-sdk/src/rp2_common/pico_unique_id/unique_id.c.obj
                0x10000d38                pico_get_unique_board_id
 .text.pico_get_unique_board_id_string
                0x10000d48      0x1a8 CMakeFiles/CORE_MQTT.dir/ae783cfadb10a0055c655bcf0b179659/pico-sdk/src/rp2_common/pico_unique_id/unique_id.c.obj
                0x10000d48                pico_get_unique_board_id_string
 .text.flash_get_unique_id
                0x10000ef0       0x40 CMakeFiles/CORE_MQTT.dir/ae783cfadb10a0055c655bcf0b179659/pico-sdk/src/rp2_common/hardware_flash/flash.c.obj
                0x10000ef0                flash_get_unique_id
 .text.hw_claim_lock
                0x10000f30       0x18 CMakeFiles/CORE_MQTT.dir/ae783cfadb10a0055c655bcf0b179659/pico-sdk/src/rp2_common/hardware_claim/claim.c.obj
                0x10000f30                hw_claim_lock
 .text.hw_claim_unlock
                0x10000f48       0x14 CMakeFiles/CORE_MQTT.dir/ae783cfadb10a0055c655bcf0b179659/pico-sdk/src/rp2_common/hardware_claim/claim.c.obj
                0x10000f48                hw_claim_unlock
 .text.hw_claim_or_assert
                0x10000f5c       0x44 CMakeFiles/CORE_MQTT.dir/ae783cfadb10a0055c655bcf0b179659/pico-sdk/src/rp2_common/hardware_claim/claim.c.obj
                0x10000f5c                hw_claim_or_assert
 .text.hw_claim_unused_from_range
                0x10000fa0       0x9c CMakeFiles/CORE_MQTT.dir/ae783cfadb10a0055c655bcf0b179659/pico-sdk/src/rp2_common/hardware_claim/claim.c.obj
                0x10000fa0                hw_claim_unused_from_range
 .text.hw_claim_clear
                0x1000103c       0x38 CMakeFiles/CORE_MQTT.dir/ae783cfadb10a0055c655bcf0b179659/pico-sdk/src/rp2_common/hardware_claim/claim.c.obj
                0x1000103c                hw_claim_clear
 .text.spin_locks_reset
                0x10001074       0x1c CMakeFiles/CORE_MQTT.dir/ae783cfadb10a0055c655bcf0b179659/pico-sdk/src/rp2_common/hardware_sync/sync.c.obj
                0x10001074                spin_locks_reset
 .text.next_striped_spin_lock_num
                0x10001090       0x18 CMakeFiles/CORE_MQTT.dir/ae783cfadb10a0055c655bcf0b179659/pico-sdk/src/rp2_common/hardware_sync/sync.c.obj
                0x10001090                next_striped_spin_lock_num
 .text.spin_lock_claim_unused
                0x100010a8       0x20 CMakeFiles/CORE_MQTT.dir/ae783cfadb10a0055c655bcf0b179659/pico-sdk/src/rp2_common/hardware_sync/sync.c.obj
                0x100010a8                spin_lock_claim_unused
 .text.rom_func_lookup
                0x100010c8       0x10 CMakeFiles/CORE_MQTT.dir/ae783cfadb10a0055c655bcf0b179659/pico-sdk/src/rp2_common/pico_bootrom/bootrom.c.obj
                0x100010c8                rom_func_lookup
 .text.rom_data_lookup
                0x100010d8       0x10 CMakeFiles/CORE_MQTT.dir/ae783cfadb10a0055c655bcf0b179659/pico-sdk/src/rp2_common/pico_bootrom/bootrom.c.obj
                0x100010d8                rom_data_lookup
 .text.rom_funcs_lookup
                0x100010e8       0x44 CMakeFiles/CORE_MQTT.dir/ae783cfadb10a0055c655bcf0b179659/pico-sdk/src/rp2_common/pico_bootrom/bootrom.c.obj
                0x100010e8                rom_funcs_lookup
 .text.clocks_init
                0x1000112c      0x2d0 CMakeFiles/CORE_MQTT.dir/ae783cfadb10a0055c655bcf0b179659/pico-sdk/src/rp2_common/hardware_clocks/clocks.c.obj
                0x1000112c                clocks_init
 .text.clock_get_hz
                0x100013fc        0xc CMakeFiles/CORE_MQTT.dir/ae783cfadb10a0055c655bcf0b179659/pico-sdk/src/rp2_common/hardware_clocks/clocks.c.obj
                0x100013fc                clock_get_hz
 .text.gpio_set_function
                0x10001408       0x30 CMakeFiles/CORE_MQTT.dir/ae783cfadb10a0055c655bcf0b179659/pico-sdk/src/rp2_common/hardware_gpio/gpio.c.obj
                0x10001408                gpio_set_function
 .text.gpio_set_pulls
                0x10001438       0x30 CMakeFiles/CORE_MQTT.dir/ae783cfadb10a0055c655bcf0b179659/pico-sdk/src/rp2_common/hardware_gpio/gpio.c.obj
                0x10001438                gpio_set_pulls
 .text.gpio_set_input_hysteresis_enabled
                0x10001468       0x28 CMakeFiles/CORE_MQTT.dir/ae783cfadb10a0055c655bcf0b179659/pico-sdk/src/rp2_common/hardware_gpio/gpio.c.obj
                0x10001468                gpio_set_input_hysteresis_enabled
 .text.gpio_set_irq_enabled
                0x10001490       0x54 CMakeFiles/CORE_MQTT.dir/ae783cfadb10a0055c655bcf0b179659/pico-sdk/src/rp2_common/hardware_gpio/gpio.c.obj
                0x10001490                gpio_set_irq_enabled
 .text.gpio_add_raw_irq_handler_with_order_priority_masked
                0x100014e4       0x44 CMakeFiles/CORE_MQTT.dir/ae783cfadb10a0055c655bcf0b179659/pico-sdk/src/rp2_common/hardware_gpio/gpio.c.obj
                0x100014e4                gpio_add_raw_irq_handler_with_order_priority_masked
 .text.gpio_remove_raw_irq_handler_masked
                0x10001528       0x20 CMakeFiles/CORE_MQTT.dir/ae783cfadb10a0055c655bcf0b179659/pico-sdk/src/rp2_common/hardware_gpio/gpio.c.obj
                0x10001528                gpio_remove_raw_irq_handler_masked
 .text.gpio_init
                0x10001548       0x3c CMakeFiles/CORE_MQTT.dir/ae783cfadb10a0055c655bcf0b179659/pico-sdk/src/rp2_common/hardware_gpio/gpio.c.obj
                0x10001548                gpio_init
 .text.irq_set_enabled
                0x10001584       0x24 CMakeFiles/CORE_MQTT.dir/ae783cfadb10a0055c655bcf0b179659/pico-sdk/src/rp2_common/hardware_irq/irq.c.obj
                0x10001584                irq_set_enabled
 .text.irq_set_pending
                0x100015a8       0x10 CMakeFiles/CORE_MQTT.dir/ae783cfadb10a0055c655bcf0b179659/pico-sdk/src/rp2_common/hardware_irq/irq.c.obj
                0x100015a8                irq_set_pending
 .text.irq_has_shared_handler
                0x100015b8       0x2c CMakeFiles/CORE_MQTT.dir/ae783cfadb10a0055c655bcf0b179659/pico-sdk/src/rp2_common/hardware_irq/irq.c.obj
                0x100015b8                irq_has_shared_handler
 .text.irq_get_vtable_handler
                0x100015e4       0x10 CMakeFiles/CORE_MQTT.dir/ae783cfadb10a0055c655bcf0b179659/pico-sdk/src/rp2_common/hardware_irq/irq.c.obj
                0x100015e4                irq_get_vtable_handler
 .text.irq_set_exclusive_handler
                0x100015f4       0x54 CMakeFiles/CORE_MQTT.dir/ae783cfadb10a0055c655bcf0b179659/pico-sdk/src/rp2_common/hardware_irq/irq.c.obj
                0x100015f4                irq_set_exclusive_handler
 .text.irq_add_shared_handler
                0x10001648      0x1e8 CMakeFiles/CORE_MQTT.dir/ae783cfadb10a0055c655bcf0b179659/pico-sdk/src/rp2_common/hardware_irq/irq.c.obj
                0x10001648                irq_add_shared_handler
 .text.irq_remove_handler
                0x10001830      0x1b0 CMakeFiles/CORE_MQTT.dir/ae783cfadb10a0055c655bcf0b179659/pico-sdk/src/rp2_common/hardware_irq/irq.c.obj
                0x10001830                irq_remove_handler
 .text.irq_set_priority
                0x100019e0       0x28 CMakeFiles/CORE_MQTT.dir/ae783cfadb10a0055c655bcf0b179659/pico-sdk/src/rp2_common/hardware_irq/irq.c.obj
                0x100019e0                irq_set_priority
 .text.irq_add_tail_to_free_list
                0x10001a08       0xb4 CMakeFiles/CORE_MQTT.dir/ae783cfadb10a0055c655bcf0b179659/pico-sdk/src/rp2_common/hardware_irq/irq.c.obj
                0x10001a08                irq_add_tail_to_free_list
 .text.irq_init_priorities
                0x10001abc       0x24 CMakeFiles/CORE_MQTT.dir/ae783cfadb10a0055c655bcf0b179659/pico-sdk/src/rp2_common/hardware_irq/irq.c.obj
                0x10001abc                irq_init_priorities
 .text.user_irq_unclaim
                0x10001ae0       0x14 CMakeFiles/CORE_MQTT.dir/ae783cfadb10a0055c655bcf0b179659/pico-sdk/src/rp2_common/hardware_irq/irq.c.obj
                0x10001ae0                user_irq_unclaim
 .text.user_irq_claim_unused
                0x10001af4       0x28 CMakeFiles/CORE_MQTT.dir/ae783cfadb10a0055c655bcf0b179659/pico-sdk/src/rp2_common/hardware_irq/irq.c.obj
                0x10001af4                user_irq_claim_unused
 .text.sem_init
                0x10001b1c       0x20 CMakeFiles/CORE_MQTT.dir/C_/Program_Files/Raspberry_Pi/Pico_SDK_v1.5.1/pico-sdk/src/common/pico_sync/sem.c.obj
                0x10001b1c                sem_init
 .text.lock_init
                0x10001b3c       0x10 CMakeFiles/CORE_MQTT.dir/C_/Program_Files/Raspberry_Pi/Pico_SDK_v1.5.1/pico-sdk/src/common/pico_sync/lock_core.c.obj
                0x10001b3c                lock_init
 .text.mutex_init
                0x10001b4c       0x1c CMakeFiles/CORE_MQTT.dir/C_/Program_Files/Raspberry_Pi/Pico_SDK_v1.5.1/pico-sdk/src/common/pico_sync/mutex.c.obj
                0x10001b4c                mutex_init
 .text.recursive_mutex_init
                0x10001b68       0x1c CMakeFiles/CORE_MQTT.dir/C_/Program_Files/Raspberry_Pi/Pico_SDK_v1.5.1/pico-sdk/src/common/pico_sync/mutex.c.obj
                0x10001b68                recursive_mutex_init
 .text.critical_section_init
                0x10001b84       0x20 CMakeFiles/CORE_MQTT.dir/ae783cfadb10a0055c655bcf0b179659/pico-sdk/src/common/pico_sync/critical_section.c.obj
                0x10001b84                critical_section_init
 .text.critical_section_init_with_lock_num
                0x10001ba4       0x14 CMakeFiles/CORE_MQTT.dir/ae783cfadb10a0055c655bcf0b179659/pico-sdk/src/common/pico_sync/critical_section.c.obj
                0x10001ba4                critical_section_init_with_lock_num
 .text.timer_pool_entry_comparator
                0x10001bb8       0x34 CMakeFiles/CORE_MQTT.dir/C_/Program_Files/Raspberry_Pi/Pico_SDK_v1.5.1/pico-sdk/src/common/pico_time/time.c.obj
                0x10001bb8                timer_pool_entry_comparator
 .text.sleep_until_callback
                0x10001bec       0x30 CMakeFiles/CORE_MQTT.dir/C_/Program_Files/Raspberry_Pi/Pico_SDK_v1.5.1/pico-sdk/src/common/pico_time/time.c.obj
 .text.add_alarm_under_lock.isra.0
                0x10001c1c      0x100 CMakeFiles/CORE_MQTT.dir/C_/Program_Files/Raspberry_Pi/Pico_SDK_v1.5.1/pico-sdk/src/common/pico_time/time.c.obj
 .text.alarm_pool_alarm_callback
                0x10001d1c      0x1bc CMakeFiles/CORE_MQTT.dir/C_/Program_Files/Raspberry_Pi/Pico_SDK_v1.5.1/pico-sdk/src/common/pico_time/time.c.obj
 .text.alarm_pool_init_default
                0x10001ed8       0x6c CMakeFiles/CORE_MQTT.dir/C_/Program_Files/Raspberry_Pi/Pico_SDK_v1.5.1/pico-sdk/src/common/pico_time/time.c.obj
                0x10001ed8                alarm_pool_init_default
 .text.alarm_pool_get_default
                0x10001f44        0x8 CMakeFiles/CORE_MQTT.dir/C_/Program_Files/Raspberry_Pi/Pico_SDK_v1.5.1/pico-sdk/src/common/pico_time/time.c.obj
                0x10001f44                alarm_pool_get_default
 .text.alarm_pool_add_alarm_at
                0x10001f4c      0x178 CMakeFiles/CORE_MQTT.dir/C_/Program_Files/Raspberry_Pi/Pico_SDK_v1.5.1/pico-sdk/src/common/pico_time/time.c.obj
                0x10001f4c                alarm_pool_add_alarm_at
 .text.alarm_pool_cancel_alarm
                0x100020c4       0x78 CMakeFiles/CORE_MQTT.dir/C_/Program_Files/Raspberry_Pi/Pico_SDK_v1.5.1/pico-sdk/src/common/pico_time/time.c.obj
                0x100020c4                alarm_pool_cancel_alarm
 .text.alarm_pool_core_num
                0x1000213c        0x4 CMakeFiles/CORE_MQTT.dir/C_/Program_Files/Raspberry_Pi/Pico_SDK_v1.5.1/pico-sdk/src/common/pico_time/time.c.obj
                0x1000213c                alarm_pool_core_num
 .text.sleep_until
                0x10002140       0xc4 CMakeFiles/CORE_MQTT.dir/C_/Program_Files/Raspberry_Pi/Pico_SDK_v1.5.1/pico-sdk/src/common/pico_time/time.c.obj
                0x10002140                sleep_until
 .text.sleep_ms
                0x10002204       0x34 CMakeFiles/CORE_MQTT.dir/C_/Program_Files/Raspberry_Pi/Pico_SDK_v1.5.1/pico-sdk/src/common/pico_time/time.c.obj
                0x10002204                sleep_ms
 .text.best_effort_wfe_or_timeout
                0x10002238       0xd4 CMakeFiles/CORE_MQTT.dir/C_/Program_Files/Raspberry_Pi/Pico_SDK_v1.5.1/pico-sdk/src/common/pico_time/time.c.obj
                0x10002238                best_effort_wfe_or_timeout
 .text.hardware_alarm_irq_handler
                0x1000230c       0xbc CMakeFiles/CORE_MQTT.dir/ae783cfadb10a0055c655bcf0b179659/pico-sdk/src/rp2_common/hardware_timer/timer.c.obj
 .text.hardware_alarm_claim
                0x100023c8       0x18 CMakeFiles/CORE_MQTT.dir/ae783cfadb10a0055c655bcf0b179659/pico-sdk/src/rp2_common/hardware_timer/timer.c.obj
                0x100023c8                hardware_alarm_claim
 .text.time_us_64
                0x100023e0       0x14 CMakeFiles/CORE_MQTT.dir/ae783cfadb10a0055c655bcf0b179659/pico-sdk/src/rp2_common/hardware_timer/timer.c.obj
                0x100023e0                time_us_64
 .text.busy_wait_until
                0x100023f4       0x20 CMakeFiles/CORE_MQTT.dir/ae783cfadb10a0055c655bcf0b179659/pico-sdk/src/rp2_common/hardware_timer/timer.c.obj
                0x100023f4                busy_wait_until
 .text.hardware_alarm_set_callback
                0x10002414       0x8c CMakeFiles/CORE_MQTT.dir/ae783cfadb10a0055c655bcf0b179659/pico-sdk/src/rp2_common/hardware_timer/timer.c.obj
                0x10002414                hardware_alarm_set_callback
 .text.hardware_alarm_set_target
                0x100024a0       0xd4 CMakeFiles/CORE_MQTT.dir/ae783cfadb10a0055c655bcf0b179659/pico-sdk/src/rp2_common/hardware_timer/timer.c.obj
                0x100024a0                hardware_alarm_set_target
 .text.hardware_alarm_cancel
                0x10002574       0x3c CMakeFiles/CORE_MQTT.dir/ae783cfadb10a0055c655bcf0b179659/pico-sdk/src/rp2_common/hardware_timer/timer.c.obj
                0x10002574                hardware_alarm_cancel
 .text.ph_merge_nodes
                0x100025b0       0x68 CMakeFiles/CORE_MQTT.dir/C_/Program_Files/Raspberry_Pi/Pico_SDK_v1.5.1/pico-sdk/src/common/pico_util/pheap.c.obj
 .text.ph_post_alloc_init
                0x10002618       0x3c CMakeFiles/CORE_MQTT.dir/C_/Program_Files/Raspberry_Pi/Pico_SDK_v1.5.1/pico-sdk/src/common/pico_util/pheap.c.obj
                0x10002618                ph_post_alloc_init
 .text.ph_merge_two_pass
                0x10002654       0x90 CMakeFiles/CORE_MQTT.dir/C_/Program_Files/Raspberry_Pi/Pico_SDK_v1.5.1/pico-sdk/src/common/pico_util/pheap.c.obj
                0x10002654                ph_merge_two_pass
 .text.ph_remove_any_head
                0x100026e4      0x100 CMakeFiles/CORE_MQTT.dir/C_/Program_Files/Raspberry_Pi/Pico_SDK_v1.5.1/pico-sdk/src/common/pico_util/pheap.c.obj
 .text.ph_remove_head
                0x100027e4      0x104 CMakeFiles/CORE_MQTT.dir/C_/Program_Files/Raspberry_Pi/Pico_SDK_v1.5.1/pico-sdk/src/common/pico_util/pheap.c.obj
                0x100027e4                ph_remove_head
 .text.ph_remove_and_free_node
                0x100028e8       0x7c CMakeFiles/CORE_MQTT.dir/C_/Program_Files/Raspberry_Pi/Pico_SDK_v1.5.1/pico-sdk/src/common/pico_util/pheap.c.obj
                0x100028e8                ph_remove_and_free_node
 .text.pll_init
                0x10002964       0xa0 CMakeFiles/CORE_MQTT.dir/ae783cfadb10a0055c655bcf0b179659/pico-sdk/src/rp2_common/hardware_pll/pll.c.obj
                0x10002964                pll_init
 .text.watchdog_start_tick
                0x10002a04       0x10 CMakeFiles/CORE_MQTT.dir/ae783cfadb10a0055c655bcf0b179659/pico-sdk/src/rp2_common/hardware_watchdog/watchdog.c.obj
                0x10002a04                watchdog_start_tick
 .text.watchdog_reboot
                0x10002a14       0x98 CMakeFiles/CORE_MQTT.dir/ae783cfadb10a0055c655bcf0b179659/pico-sdk/src/rp2_common/hardware_watchdog/watchdog.c.obj
                0x10002a14                watchdog_reboot
 .text.xosc_init
                0x10002aac       0x28 CMakeFiles/CORE_MQTT.dir/ae783cfadb10a0055c655bcf0b179659/pico-sdk/src/rp2_common/hardware_xosc/xosc.c.obj
                0x10002aac                xosc_init
 .text.lwip_init
                0x10002ad4       0x24 CMakeFiles/CORE_MQTT.dir/C_/Program_Files/Raspberry_Pi/Pico_SDK_v1.5.1/pico-sdk/lib/lwip/src/core/init.c.obj
                0x10002ad4                lwip_init
 .text.lwip_htons
                0x10002af8        0x8 CMakeFiles/CORE_MQTT.dir/C_/Program_Files/Raspberry_Pi/Pico_SDK_v1.5.1/pico-sdk/lib/lwip/src/core/def.c.obj
                0x10002af8                lwip_htons
 .text.lwip_htonl
                0x10002b00        0x4 CMakeFiles/CORE_MQTT.dir/C_/Program_Files/Raspberry_Pi/Pico_SDK_v1.5.1/pico-sdk/lib/lwip/src/core/def.c.obj
                0x10002b00                lwip_htonl
 .text.dns_call_found
                0x10002b04      0x134 CMakeFiles/CORE_MQTT.dir/C_/Program_Files/Raspberry_Pi/Pico_SDK_v1.5.1/pico-sdk/lib/lwip/src/core/dns.c.obj
 .text.dns_send.isra.0
                0x10002c38      0x168 CMakeFiles/CORE_MQTT.dir/C_/Program_Files/Raspberry_Pi/Pico_SDK_v1.5.1/pico-sdk/lib/lwip/src/core/dns.c.obj
 .text.dns_init
                0x10002da0        0x4 CMakeFiles/CORE_MQTT.dir/C_/Program_Files/Raspberry_Pi/Pico_SDK_v1.5.1/pico-sdk/lib/lwip/src/core/dns.c.obj
                0x10002da0                dns_init
 .text.dns_setserver
                0x10002da4       0x2c CMakeFiles/CORE_MQTT.dir/C_/Program_Files/Raspberry_Pi/Pico_SDK_v1.5.1/pico-sdk/lib/lwip/src/core/dns.c.obj
                0x10002da4                dns_setserver
 .text.dns_tmr  0x10002dd0      0x138 CMakeFiles/CORE_MQTT.dir/C_/Program_Files/Raspberry_Pi/Pico_SDK_v1.5.1/pico-sdk/lib/lwip/src/core/dns.c.obj
                0x10002dd0                dns_tmr
 .text.lwip_standard_chksum
                0x10002f08       0xd8 CMakeFiles/CORE_MQTT.dir/C_/Program_Files/Raspberry_Pi/Pico_SDK_v1.5.1/pico-sdk/lib/lwip/src/core/inet_chksum.c.obj
                0x10002f08                lwip_standard_chksum
 .text.inet_chksum_pseudo
                0x10002fe0       0xb4 CMakeFiles/CORE_MQTT.dir/C_/Program_Files/Raspberry_Pi/Pico_SDK_v1.5.1/pico-sdk/lib/lwip/src/core/inet_chksum.c.obj
                0x10002fe0                inet_chksum_pseudo
 .text.ip_chksum_pseudo
                0x10003094       0x10 CMakeFiles/CORE_MQTT.dir/C_/Program_Files/Raspberry_Pi/Pico_SDK_v1.5.1/pico-sdk/lib/lwip/src/core/inet_chksum.c.obj
                0x10003094                ip_chksum_pseudo
 .text.inet_chksum
                0x100030a4        0xc CMakeFiles/CORE_MQTT.dir/C_/Program_Files/Raspberry_Pi/Pico_SDK_v1.5.1/pico-sdk/lib/lwip/src/core/inet_chksum.c.obj
                0x100030a4                inet_chksum
 .text.inet_chksum_pbuf
                0x100030b0       0x6c CMakeFiles/CORE_MQTT.dir/C_/Program_Files/Raspberry_Pi/Pico_SDK_v1.5.1/pico-sdk/lib/lwip/src/core/inet_chksum.c.obj
                0x100030b0                inet_chksum_pbuf
 .text.mem_init
                0x1000311c       0x40 CMakeFiles/CORE_MQTT.dir/C_/Program_Files/Raspberry_Pi/Pico_SDK_v1.5.1/pico-sdk/lib/lwip/src/core/mem.c.obj
                0x1000311c                mem_init
 .text.mem_free
                0x1000315c      0x11c CMakeFiles/CORE_MQTT.dir/C_/Program_Files/Raspberry_Pi/Pico_SDK_v1.5.1/pico-sdk/lib/lwip/src/core/mem.c.obj
                0x1000315c                mem_free
 .text.mem_trim
                0x10003278      0x110 CMakeFiles/CORE_MQTT.dir/C_/Program_Files/Raspberry_Pi/Pico_SDK_v1.5.1/pico-sdk/lib/lwip/src/core/mem.c.obj
                0x10003278                mem_trim
 .text.mem_malloc
                0x10003388      0x120 CMakeFiles/CORE_MQTT.dir/C_/Program_Files/Raspberry_Pi/Pico_SDK_v1.5.1/pico-sdk/lib/lwip/src/core/mem.c.obj
                0x10003388                mem_malloc
 .text.mem_calloc
                0x100034a8       0x28 CMakeFiles/CORE_MQTT.dir/C_/Program_Files/Raspberry_Pi/Pico_SDK_v1.5.1/pico-sdk/lib/lwip/src/core/mem.c.obj
                0x100034a8                mem_calloc
 .text.memp_init
                0x100034d0       0x6c CMakeFiles/CORE_MQTT.dir/C_/Program_Files/Raspberry_Pi/Pico_SDK_v1.5.1/pico-sdk/lib/lwip/src/core/memp.c.obj
                0x100034d0                memp_init
 .text.memp_malloc
                0x1000353c       0x3c CMakeFiles/CORE_MQTT.dir/C_/Program_Files/Raspberry_Pi/Pico_SDK_v1.5.1/pico-sdk/lib/lwip/src/core/memp.c.obj
                0x1000353c                memp_malloc
 .text.memp_free
                0x10003578       0x38 CMakeFiles/CORE_MQTT.dir/C_/Program_Files/Raspberry_Pi/Pico_SDK_v1.5.1/pico-sdk/lib/lwip/src/core/memp.c.obj
                0x10003578                memp_free
 .text.netif_null_output_ip4
                0x100035b0        0x8 CMakeFiles/CORE_MQTT.dir/C_/Program_Files/Raspberry_Pi/Pico_SDK_v1.5.1/pico-sdk/lib/lwip/src/core/netif.c.obj
 .text.netif_do_set_ipaddr.isra.0
                0x100035b8       0x70 CMakeFiles/CORE_MQTT.dir/C_/Program_Files/Raspberry_Pi/Pico_SDK_v1.5.1/pico-sdk/lib/lwip/src/core/netif.c.obj
 .text.netif_init
                0x10003628        0x4 CMakeFiles/CORE_MQTT.dir/C_/Program_Files/Raspberry_Pi/Pico_SDK_v1.5.1/pico-sdk/lib/lwip/src/core/netif.c.obj
                0x10003628                netif_init
 .text.netif_add
                0x1000362c      0x144 CMakeFiles/CORE_MQTT.dir/C_/Program_Files/Raspberry_Pi/Pico_SDK_v1.5.1/pico-sdk/lib/lwip/src/core/netif.c.obj
                0x1000362c                netif_add
 .text.netif_set_addr
                0x10003770       0xb8 CMakeFiles/CORE_MQTT.dir/C_/Program_Files/Raspberry_Pi/Pico_SDK_v1.5.1/pico-sdk/lib/lwip/src/core/netif.c.obj
                0x10003770                netif_set_addr
 .text.netif_remove
                0x10003828       0x94 CMakeFiles/CORE_MQTT.dir/C_/Program_Files/Raspberry_Pi/Pico_SDK_v1.5.1/pico-sdk/lib/lwip/src/core/netif.c.obj
                0x10003828                netif_remove
 .text.netif_set_default
                0x100038bc        0xc CMakeFiles/CORE_MQTT.dir/C_/Program_Files/Raspberry_Pi/Pico_SDK_v1.5.1/pico-sdk/lib/lwip/src/core/netif.c.obj
                0x100038bc                netif_set_default
 .text.netif_set_up
                0x100038c8       0x40 CMakeFiles/CORE_MQTT.dir/C_/Program_Files/Raspberry_Pi/Pico_SDK_v1.5.1/pico-sdk/lib/lwip/src/core/netif.c.obj
                0x100038c8                netif_set_up
 .text.netif_set_link_up
                0x10003908       0x44 CMakeFiles/CORE_MQTT.dir/C_/Program_Files/Raspberry_Pi/Pico_SDK_v1.5.1/pico-sdk/lib/lwip/src/core/netif.c.obj
                0x10003908                netif_set_link_up
 .text.netif_set_link_down
                0x1000394c       0x20 CMakeFiles/CORE_MQTT.dir/C_/Program_Files/Raspberry_Pi/Pico_SDK_v1.5.1/pico-sdk/lib/lwip/src/core/netif.c.obj
                0x1000394c                netif_set_link_down
 .text.netif_get_by_index
                0x1000396c       0x2c CMakeFiles/CORE_MQTT.dir/C_/Program_Files/Raspberry_Pi/Pico_SDK_v1.5.1/pico-sdk/lib/lwip/src/core/netif.c.obj
                0x1000396c                netif_get_by_index
 .text.pbuf_free.part.0
                0x10003998       0x7c CMakeFiles/CORE_MQTT.dir/C_/Program_Files/Raspberry_Pi/Pico_SDK_v1.5.1/pico-sdk/lib/lwip/src/core/pbuf.c.obj
 .text.pbuf_free_ooseq
                0x10003a14       0x34 CMakeFiles/CORE_MQTT.dir/C_/Program_Files/Raspberry_Pi/Pico_SDK_v1.5.1/pico-sdk/lib/lwip/src/core/pbuf.c.obj
                0x10003a14                pbuf_free_ooseq
 .text.pbuf_alloc
                0x10003a48      0x130 CMakeFiles/CORE_MQTT.dir/C_/Program_Files/Raspberry_Pi/Pico_SDK_v1.5.1/pico-sdk/lib/lwip/src/core/pbuf.c.obj
                0x10003a48                pbuf_alloc
 .text.pbuf_realloc
                0x10003b78       0x88 CMakeFiles/CORE_MQTT.dir/C_/Program_Files/Raspberry_Pi/Pico_SDK_v1.5.1/pico-sdk/lib/lwip/src/core/pbuf.c.obj
                0x10003b78                pbuf_realloc
 .text.pbuf_add_header
                0x10003c00       0x54 CMakeFiles/CORE_MQTT.dir/C_/Program_Files/Raspberry_Pi/Pico_SDK_v1.5.1/pico-sdk/lib/lwip/src/core/pbuf.c.obj
                0x10003c00                pbuf_add_header
 .text.pbuf_remove_header
                0x10003c54       0x44 CMakeFiles/CORE_MQTT.dir/C_/Program_Files/Raspberry_Pi/Pico_SDK_v1.5.1/pico-sdk/lib/lwip/src/core/pbuf.c.obj
                0x10003c54                pbuf_remove_header
 .text.pbuf_header_force
                0x10003c98       0x74 CMakeFiles/CORE_MQTT.dir/C_/Program_Files/Raspberry_Pi/Pico_SDK_v1.5.1/pico-sdk/lib/lwip/src/core/pbuf.c.obj
                0x10003c98                pbuf_header_force
 .text.pbuf_free
                0x10003d0c       0x18 CMakeFiles/CORE_MQTT.dir/C_/Program_Files/Raspberry_Pi/Pico_SDK_v1.5.1/pico-sdk/lib/lwip/src/core/pbuf.c.obj
                0x10003d0c                pbuf_free
 .text.pbuf_clen
                0x10003d24       0x14 CMakeFiles/CORE_MQTT.dir/C_/Program_Files/Raspberry_Pi/Pico_SDK_v1.5.1/pico-sdk/lib/lwip/src/core/pbuf.c.obj
                0x10003d24                pbuf_clen
 .text.pbuf_ref
                0x10003d38       0x28 CMakeFiles/CORE_MQTT.dir/C_/Program_Files/Raspberry_Pi/Pico_SDK_v1.5.1/pico-sdk/lib/lwip/src/core/pbuf.c.obj
                0x10003d38                pbuf_ref
 .text.pbuf_cat
                0x10003d60       0x3c CMakeFiles/CORE_MQTT.dir/C_/Program_Files/Raspberry_Pi/Pico_SDK_v1.5.1/pico-sdk/lib/lwip/src/core/pbuf.c.obj
                0x10003d60                pbuf_cat
 .text.pbuf_chain
                0x10003d9c       0x64 CMakeFiles/CORE_MQTT.dir/C_/Program_Files/Raspberry_Pi/Pico_SDK_v1.5.1/pico-sdk/lib/lwip/src/core/pbuf.c.obj
                0x10003d9c                pbuf_chain
 .text.pbuf_copy_partial_pbuf
                0x10003e00      0x13c CMakeFiles/CORE_MQTT.dir/C_/Program_Files/Raspberry_Pi/Pico_SDK_v1.5.1/pico-sdk/lib/lwip/src/core/pbuf.c.obj
                0x10003e00                pbuf_copy_partial_pbuf
 .text.pbuf_copy
                0x10003f3c       0x18 CMakeFiles/CORE_MQTT.dir/C_/Program_Files/Raspberry_Pi/Pico_SDK_v1.5.1/pico-sdk/lib/lwip/src/core/pbuf.c.obj
                0x10003f3c                pbuf_copy
 .text.pbuf_copy_partial
                0x10003f54       0x70 CMakeFiles/CORE_MQTT.dir/C_/Program_Files/Raspberry_Pi/Pico_SDK_v1.5.1/pico-sdk/lib/lwip/src/core/pbuf.c.obj
                0x10003f54                pbuf_copy_partial
 .text.pbuf_get_contiguous
                0x10003fc4       0xa0 CMakeFiles/CORE_MQTT.dir/C_/Program_Files/Raspberry_Pi/Pico_SDK_v1.5.1/pico-sdk/lib/lwip/src/core/pbuf.c.obj
                0x10003fc4                pbuf_get_contiguous
 .text.pbuf_take
                0x10004064       0x78 CMakeFiles/CORE_MQTT.dir/C_/Program_Files/Raspberry_Pi/Pico_SDK_v1.5.1/pico-sdk/lib/lwip/src/core/pbuf.c.obj
                0x10004064                pbuf_take
 .text.pbuf_take_at
                0x100040dc       0xc0 CMakeFiles/CORE_MQTT.dir/C_/Program_Files/Raspberry_Pi/Pico_SDK_v1.5.1/pico-sdk/lib/lwip/src/core/pbuf.c.obj
                0x100040dc                pbuf_take_at
 .text.pbuf_clone
                0x1000419c       0x30 CMakeFiles/CORE_MQTT.dir/C_/Program_Files/Raspberry_Pi/Pico_SDK_v1.5.1/pico-sdk/lib/lwip/src/core/pbuf.c.obj
                0x1000419c                pbuf_clone
 .text.pbuf_get_at
                0x100041cc       0x20 CMakeFiles/CORE_MQTT.dir/C_/Program_Files/Raspberry_Pi/Pico_SDK_v1.5.1/pico-sdk/lib/lwip/src/core/pbuf.c.obj
                0x100041cc                pbuf_get_at
 .text.pbuf_put_at
                0x100041ec       0x1c CMakeFiles/CORE_MQTT.dir/C_/Program_Files/Raspberry_Pi/Pico_SDK_v1.5.1/pico-sdk/lib/lwip/src/core/pbuf.c.obj
                0x100041ec                pbuf_put_at
 .text.raw_input
                0x10004208       0xf0 CMakeFiles/CORE_MQTT.dir/C_/Program_Files/Raspberry_Pi/Pico_SDK_v1.5.1/pico-sdk/lib/lwip/src/core/raw.c.obj
                0x10004208                raw_input
 .text.raw_netif_ip_addr_changed
                0x100042f8       0x40 CMakeFiles/CORE_MQTT.dir/C_/Program_Files/Raspberry_Pi/Pico_SDK_v1.5.1/pico-sdk/lib/lwip/src/core/raw.c.obj
                0x100042f8                raw_netif_ip_addr_changed
 .text.stats_init
                0x10004338        0x4 CMakeFiles/CORE_MQTT.dir/C_/Program_Files/Raspberry_Pi/Pico_SDK_v1.5.1/pico-sdk/lib/lwip/src/core/stats.c.obj
                0x10004338                stats_init
 .text.tcp_close_shutdown_fin
                0x1000433c       0x58 CMakeFiles/CORE_MQTT.dir/C_/Program_Files/Raspberry_Pi/Pico_SDK_v1.5.1/pico-sdk/lib/lwip/src/core/tcp.c.obj
 .text.tcp_pcb_purge.part.0
                0x10004394       0xc4 CMakeFiles/CORE_MQTT.dir/C_/Program_Files/Raspberry_Pi/Pico_SDK_v1.5.1/pico-sdk/lib/lwip/src/core/tcp.c.obj
 .text.tcp_init
                0x10004458       0x20 CMakeFiles/CORE_MQTT.dir/C_/Program_Files/Raspberry_Pi/Pico_SDK_v1.5.1/pico-sdk/lib/lwip/src/core/tcp.c.obj
                0x10004458                tcp_init
 .text.tcp_free
                0x10004478       0x1c CMakeFiles/CORE_MQTT.dir/C_/Program_Files/Raspberry_Pi/Pico_SDK_v1.5.1/pico-sdk/lib/lwip/src/core/tcp.c.obj
                0x10004478                tcp_free
 .text.tcp_bind
                0x10004494       0xf8 CMakeFiles/CORE_MQTT.dir/C_/Program_Files/Raspberry_Pi/Pico_SDK_v1.5.1/pico-sdk/lib/lwip/src/core/tcp.c.obj
                0x10004494                tcp_bind
 .text.tcp_update_rcv_ann_wnd
                0x1000458c       0x60 CMakeFiles/CORE_MQTT.dir/C_/Program_Files/Raspberry_Pi/Pico_SDK_v1.5.1/pico-sdk/lib/lwip/src/core/tcp.c.obj
                0x1000458c                tcp_update_rcv_ann_wnd
 .text.tcp_recved
                0x100045ec       0x98 CMakeFiles/CORE_MQTT.dir/C_/Program_Files/Raspberry_Pi/Pico_SDK_v1.5.1/pico-sdk/lib/lwip/src/core/tcp.c.obj
                0x100045ec                tcp_recved
 .text.tcp_connect
                0x10004684      0x1a8 CMakeFiles/CORE_MQTT.dir/C_/Program_Files/Raspberry_Pi/Pico_SDK_v1.5.1/pico-sdk/lib/lwip/src/core/tcp.c.obj
                0x10004684                tcp_connect
 .text.tcp_slowtmr
                0x1000482c      0x4dc CMakeFiles/CORE_MQTT.dir/C_/Program_Files/Raspberry_Pi/Pico_SDK_v1.5.1/pico-sdk/lib/lwip/src/core/tcp.c.obj
                0x1000482c                tcp_slowtmr
 .text.tcp_segs_free
                0x10004d08       0x38 CMakeFiles/CORE_MQTT.dir/C_/Program_Files/Raspberry_Pi/Pico_SDK_v1.5.1/pico-sdk/lib/lwip/src/core/tcp.c.obj
                0x10004d08                tcp_segs_free
 .text.tcp_seg_free
                0x10004d40       0x1c CMakeFiles/CORE_MQTT.dir/C_/Program_Files/Raspberry_Pi/Pico_SDK_v1.5.1/pico-sdk/lib/lwip/src/core/tcp.c.obj
                0x10004d40                tcp_seg_free
 .text.tcp_seg_copy
                0x10004d5c       0x2c CMakeFiles/CORE_MQTT.dir/C_/Program_Files/Raspberry_Pi/Pico_SDK_v1.5.1/pico-sdk/lib/lwip/src/core/tcp.c.obj
                0x10004d5c                tcp_seg_copy
 .text.tcp_arg  0x10004d88        0x8 CMakeFiles/CORE_MQTT.dir/C_/Program_Files/Raspberry_Pi/Pico_SDK_v1.5.1/pico-sdk/lib/lwip/src/core/tcp.c.obj
                0x10004d88                tcp_arg
 .text.tcp_recv
                0x10004d90       0x1c CMakeFiles/CORE_MQTT.dir/C_/Program_Files/Raspberry_Pi/Pico_SDK_v1.5.1/pico-sdk/lib/lwip/src/core/tcp.c.obj
                0x10004d90                tcp_recv
 .text.tcp_sent
                0x10004dac       0x1c CMakeFiles/CORE_MQTT.dir/C_/Program_Files/Raspberry_Pi/Pico_SDK_v1.5.1/pico-sdk/lib/lwip/src/core/tcp.c.obj
                0x10004dac                tcp_sent
 .text.tcp_err  0x10004dc8       0x1c CMakeFiles/CORE_MQTT.dir/C_/Program_Files/Raspberry_Pi/Pico_SDK_v1.5.1/pico-sdk/lib/lwip/src/core/tcp.c.obj
                0x10004dc8                tcp_err
 .text.tcp_poll
                0x10004de4       0x20 CMakeFiles/CORE_MQTT.dir/C_/Program_Files/Raspberry_Pi/Pico_SDK_v1.5.1/pico-sdk/lib/lwip/src/core/tcp.c.obj
                0x10004de4                tcp_poll
 .text.tcp_pcb_purge
                0x10004e04       0x18 CMakeFiles/CORE_MQTT.dir/C_/Program_Files/Raspberry_Pi/Pico_SDK_v1.5.1/pico-sdk/lib/lwip/src/core/tcp.c.obj
                0x10004e04                tcp_pcb_purge
 .text.tcp_pcb_remove
                0x10004e1c       0xc8 CMakeFiles/CORE_MQTT.dir/C_/Program_Files/Raspberry_Pi/Pico_SDK_v1.5.1/pico-sdk/lib/lwip/src/core/tcp.c.obj
                0x10004e1c                tcp_pcb_remove
 .text.tcp_abandon
                0x10004ee4      0x1ac CMakeFiles/CORE_MQTT.dir/C_/Program_Files/Raspberry_Pi/Pico_SDK_v1.5.1/pico-sdk/lib/lwip/src/core/tcp.c.obj
                0x10004ee4                tcp_abandon
 .text.tcp_abort
                0x10005090        0xc CMakeFiles/CORE_MQTT.dir/C_/Program_Files/Raspberry_Pi/Pico_SDK_v1.5.1/pico-sdk/lib/lwip/src/core/tcp.c.obj
                0x10005090                tcp_abort
 .text.tcp_alloc
                0x1000509c      0x1cc CMakeFiles/CORE_MQTT.dir/C_/Program_Files/Raspberry_Pi/Pico_SDK_v1.5.1/pico-sdk/lib/lwip/src/core/tcp.c.obj
                0x1000509c                tcp_alloc
 .text.tcp_new_ip_type
                0x10005268      0x1ac CMakeFiles/CORE_MQTT.dir/C_/Program_Files/Raspberry_Pi/Pico_SDK_v1.5.1/pico-sdk/lib/lwip/src/core/tcp.c.obj
                0x10005268                tcp_new_ip_type
 .text.tcp_close_shutdown
                0x10005414      0x18c CMakeFiles/CORE_MQTT.dir/C_/Program_Files/Raspberry_Pi/Pico_SDK_v1.5.1/pico-sdk/lib/lwip/src/core/tcp.c.obj
 .text.tcp_recv_null
                0x100055a0       0xd4 CMakeFiles/CORE_MQTT.dir/C_/Program_Files/Raspberry_Pi/Pico_SDK_v1.5.1/pico-sdk/lib/lwip/src/core/tcp.c.obj
                0x100055a0                tcp_recv_null
 .text.tcp_process_refused_data
                0x10005674       0x78 CMakeFiles/CORE_MQTT.dir/C_/Program_Files/Raspberry_Pi/Pico_SDK_v1.5.1/pico-sdk/lib/lwip/src/core/tcp.c.obj
                0x10005674                tcp_process_refused_data
 .text.tcp_fasttmr
                0x100056ec       0x98 CMakeFiles/CORE_MQTT.dir/C_/Program_Files/Raspberry_Pi/Pico_SDK_v1.5.1/pico-sdk/lib/lwip/src/core/tcp.c.obj
                0x100056ec                tcp_fasttmr
 .text.tcp_tmr  0x10005784       0x20 CMakeFiles/CORE_MQTT.dir/C_/Program_Files/Raspberry_Pi/Pico_SDK_v1.5.1/pico-sdk/lib/lwip/src/core/tcp.c.obj
                0x10005784                tcp_tmr
 .text.tcp_close
                0x100057a4      0x174 CMakeFiles/CORE_MQTT.dir/C_/Program_Files/Raspberry_Pi/Pico_SDK_v1.5.1/pico-sdk/lib/lwip/src/core/tcp.c.obj
                0x100057a4                tcp_close
 .text.tcp_next_iss
                0x10005918       0x28 CMakeFiles/CORE_MQTT.dir/C_/Program_Files/Raspberry_Pi/Pico_SDK_v1.5.1/pico-sdk/lib/lwip/src/core/tcp.c.obj
                0x10005918                tcp_next_iss
 .text.tcp_eff_send_mss_netif
                0x10005940       0x38 CMakeFiles/CORE_MQTT.dir/C_/Program_Files/Raspberry_Pi/Pico_SDK_v1.5.1/pico-sdk/lib/lwip/src/core/tcp.c.obj
                0x10005940                tcp_eff_send_mss_netif
 .text.tcp_netif_ip_addr_changed
                0x10005978       0x9c CMakeFiles/CORE_MQTT.dir/C_/Program_Files/Raspberry_Pi/Pico_SDK_v1.5.1/pico-sdk/lib/lwip/src/core/tcp.c.obj
                0x10005978                tcp_netif_ip_addr_changed
 .text.tcp_free_ooseq
                0x10005a14       0x40 CMakeFiles/CORE_MQTT.dir/C_/Program_Files/Raspberry_Pi/Pico_SDK_v1.5.1/pico-sdk/lib/lwip/src/core/tcp.c.obj
                0x10005a14                tcp_free_ooseq
 .text.tcp_parseopt
                0x10005a54      0x190 CMakeFiles/CORE_MQTT.dir/C_/Program_Files/Raspberry_Pi/Pico_SDK_v1.5.1/pico-sdk/lib/lwip/src/core/tcp_in.c.obj
 .text.tcp_oos_insert_segment
                0x10005be4       0xe0 CMakeFiles/CORE_MQTT.dir/C_/Program_Files/Raspberry_Pi/Pico_SDK_v1.5.1/pico-sdk/lib/lwip/src/core/tcp_in.c.obj
 .text.tcp_free_acked_segments.constprop.0
                0x10005cc4       0xdc CMakeFiles/CORE_MQTT.dir/C_/Program_Files/Raspberry_Pi/Pico_SDK_v1.5.1/pico-sdk/lib/lwip/src/core/tcp_in.c.obj
 .text.tcp_receive
                0x10005da0      0xa4c CMakeFiles/CORE_MQTT.dir/C_/Program_Files/Raspberry_Pi/Pico_SDK_v1.5.1/pico-sdk/lib/lwip/src/core/tcp_in.c.obj
 .text.tcp_input
                0x100067ec      0xda4 CMakeFiles/CORE_MQTT.dir/C_/Program_Files/Raspberry_Pi/Pico_SDK_v1.5.1/pico-sdk/lib/lwip/src/core/tcp_in.c.obj
                0x100067ec                tcp_input
 .text.tcp_trigger_input_pcb_close
                0x10007590       0x10 CMakeFiles/CORE_MQTT.dir/C_/Program_Files/Raspberry_Pi/Pico_SDK_v1.5.1/pico-sdk/lib/lwip/src/core/tcp_in.c.obj
                0x10007590                tcp_trigger_input_pcb_close
 .text.tcp_create_segment
                0x100075a0       0xf8 CMakeFiles/CORE_MQTT.dir/C_/Program_Files/Raspberry_Pi/Pico_SDK_v1.5.1/pico-sdk/lib/lwip/src/core/tcp_out.c.obj
 .text.tcp_output_control_segment
                0x10007698       0xc0 CMakeFiles/CORE_MQTT.dir/C_/Program_Files/Raspberry_Pi/Pico_SDK_v1.5.1/pico-sdk/lib/lwip/src/core/tcp_out.c.obj
 .text.tcp_output_alloc_header.constprop.0
                0x10007758       0xcc CMakeFiles/CORE_MQTT.dir/C_/Program_Files/Raspberry_Pi/Pico_SDK_v1.5.1/pico-sdk/lib/lwip/src/core/tcp_out.c.obj
 .text.tcp_write
                0x10007824      0x494 CMakeFiles/CORE_MQTT.dir/C_/Program_Files/Raspberry_Pi/Pico_SDK_v1.5.1/pico-sdk/lib/lwip/src/core/tcp_out.c.obj
                0x10007824                tcp_write
 .text.tcp_split_unsent_seg
                0x10007cb8      0x1c4 CMakeFiles/CORE_MQTT.dir/C_/Program_Files/Raspberry_Pi/Pico_SDK_v1.5.1/pico-sdk/lib/lwip/src/core/tcp_out.c.obj
                0x10007cb8                tcp_split_unsent_seg
 .text.tcp_send_fin
                0x10007e7c      0x12c CMakeFiles/CORE_MQTT.dir/C_/Program_Files/Raspberry_Pi/Pico_SDK_v1.5.1/pico-sdk/lib/lwip/src/core/tcp_out.c.obj
                0x10007e7c                tcp_send_fin
 .text.tcp_enqueue_flags
                0x10007fa8      0x124 CMakeFiles/CORE_MQTT.dir/C_/Program_Files/Raspberry_Pi/Pico_SDK_v1.5.1/pico-sdk/lib/lwip/src/core/tcp_out.c.obj
                0x10007fa8                tcp_enqueue_flags
 .text.tcp_rexmit_rto_prepare
                0x100080cc       0x9c CMakeFiles/CORE_MQTT.dir/C_/Program_Files/Raspberry_Pi/Pico_SDK_v1.5.1/pico-sdk/lib/lwip/src/core/tcp_out.c.obj
                0x100080cc                tcp_rexmit_rto_prepare
 .text.tcp_rexmit
                0x10008168       0x9c CMakeFiles/CORE_MQTT.dir/C_/Program_Files/Raspberry_Pi/Pico_SDK_v1.5.1/pico-sdk/lib/lwip/src/core/tcp_out.c.obj
                0x10008168                tcp_rexmit
 .text.tcp_rexmit_fast
                0x10008204       0x64 CMakeFiles/CORE_MQTT.dir/C_/Program_Files/Raspberry_Pi/Pico_SDK_v1.5.1/pico-sdk/lib/lwip/src/core/tcp_out.c.obj
                0x10008204                tcp_rexmit_fast
 .text.tcp_rst  0x10008268       0xe8 CMakeFiles/CORE_MQTT.dir/C_/Program_Files/Raspberry_Pi/Pico_SDK_v1.5.1/pico-sdk/lib/lwip/src/core/tcp_out.c.obj
                0x10008268                tcp_rst
 .text.tcp_rst_netif
                0x10008350      0x130 CMakeFiles/CORE_MQTT.dir/C_/Program_Files/Raspberry_Pi/Pico_SDK_v1.5.1/pico-sdk/lib/lwip/src/core/tcp_out.c.obj
                0x10008350                tcp_rst_netif
 .text.tcp_send_empty_ack
                0x10008480       0x54 CMakeFiles/CORE_MQTT.dir/C_/Program_Files/Raspberry_Pi/Pico_SDK_v1.5.1/pico-sdk/lib/lwip/src/core/tcp_out.c.obj
                0x10008480                tcp_send_empty_ack
 .text.tcp_output
                0x100084d4      0x46c CMakeFiles/CORE_MQTT.dir/C_/Program_Files/Raspberry_Pi/Pico_SDK_v1.5.1/pico-sdk/lib/lwip/src/core/tcp_out.c.obj
                0x100084d4                tcp_output
 .text.tcp_rexmit_rto_commit
                0x10008940       0x24 CMakeFiles/CORE_MQTT.dir/C_/Program_Files/Raspberry_Pi/Pico_SDK_v1.5.1/pico-sdk/lib/lwip/src/core/tcp_out.c.obj
                0x10008940                tcp_rexmit_rto_commit
 .text.tcp_rexmit_rto
                0x10008964       0xa4 CMakeFiles/CORE_MQTT.dir/C_/Program_Files/Raspberry_Pi/Pico_SDK_v1.5.1/pico-sdk/lib/lwip/src/core/tcp_out.c.obj
                0x10008964                tcp_rexmit_rto
 .text.tcp_keepalive
                0x10008a08       0xe0 CMakeFiles/CORE_MQTT.dir/C_/Program_Files/Raspberry_Pi/Pico_SDK_v1.5.1/pico-sdk/lib/lwip/src/core/tcp_out.c.obj
                0x10008a08                tcp_keepalive
 .text.tcp_zero_window_probe
                0x10008ae8      0x108 CMakeFiles/CORE_MQTT.dir/C_/Program_Files/Raspberry_Pi/Pico_SDK_v1.5.1/pico-sdk/lib/lwip/src/core/tcp_out.c.obj
                0x10008ae8                tcp_zero_window_probe
 .text.sys_timeout_abs
                0x10008bf0       0x48 CMakeFiles/CORE_MQTT.dir/C_/Program_Files/Raspberry_Pi/Pico_SDK_v1.5.1/pico-sdk/lib/lwip/src/core/timeouts.c.obj
 .text.lwip_cyclic_timer
                0x10008c38       0x38 CMakeFiles/CORE_MQTT.dir/C_/Program_Files/Raspberry_Pi/Pico_SDK_v1.5.1/pico-sdk/lib/lwip/src/core/timeouts.c.obj
 .text.tcpip_tcp_timer
                0x10008c70       0x3c CMakeFiles/CORE_MQTT.dir/C_/Program_Files/Raspberry_Pi/Pico_SDK_v1.5.1/pico-sdk/lib/lwip/src/core/timeouts.c.obj
 .text.tcp_timer_needed
                0x10008cac       0x40 CMakeFiles/CORE_MQTT.dir/C_/Program_Files/Raspberry_Pi/Pico_SDK_v1.5.1/pico-sdk/lib/lwip/src/core/timeouts.c.obj
                0x10008cac                tcp_timer_needed
 .text.sys_timeouts_init
                0x10008cec       0x90 CMakeFiles/CORE_MQTT.dir/C_/Program_Files/Raspberry_Pi/Pico_SDK_v1.5.1/pico-sdk/lib/lwip/src/core/timeouts.c.obj
                0x10008cec                sys_timeouts_init
 .text.sys_timeout
                0x10008d7c       0x60 CMakeFiles/CORE_MQTT.dir/C_/Program_Files/Raspberry_Pi/Pico_SDK_v1.5.1/pico-sdk/lib/lwip/src/core/timeouts.c.obj
                0x10008d7c                sys_timeout
 .text.sys_untimeout
                0x10008ddc       0x40 CMakeFiles/CORE_MQTT.dir/C_/Program_Files/Raspberry_Pi/Pico_SDK_v1.5.1/pico-sdk/lib/lwip/src/core/timeouts.c.obj
                0x10008ddc                sys_untimeout
 .text.sys_check_timeouts
                0x10008e1c       0x68 CMakeFiles/CORE_MQTT.dir/C_/Program_Files/Raspberry_Pi/Pico_SDK_v1.5.1/pico-sdk/lib/lwip/src/core/timeouts.c.obj
                0x10008e1c                sys_check_timeouts
 .text.sys_timeouts_sleeptime
                0x10008e84       0x28 CMakeFiles/CORE_MQTT.dir/C_/Program_Files/Raspberry_Pi/Pico_SDK_v1.5.1/pico-sdk/lib/lwip/src/core/timeouts.c.obj
                0x10008e84                sys_timeouts_sleeptime
 .text.udp_init
                0x10008eac       0x20 CMakeFiles/CORE_MQTT.dir/C_/Program_Files/Raspberry_Pi/Pico_SDK_v1.5.1/pico-sdk/lib/lwip/src/core/udp.c.obj
                0x10008eac                udp_init
 .text.udp_input
                0x10008ecc      0x24c CMakeFiles/CORE_MQTT.dir/C_/Program_Files/Raspberry_Pi/Pico_SDK_v1.5.1/pico-sdk/lib/lwip/src/core/udp.c.obj
                0x10008ecc                udp_input
 .text.udp_bind
                0x10009118      0x10c CMakeFiles/CORE_MQTT.dir/C_/Program_Files/Raspberry_Pi/Pico_SDK_v1.5.1/pico-sdk/lib/lwip/src/core/udp.c.obj
                0x10009118                udp_bind
 .text.udp_sendto_if_src
                0x10009224      0x130 CMakeFiles/CORE_MQTT.dir/C_/Program_Files/Raspberry_Pi/Pico_SDK_v1.5.1/pico-sdk/lib/lwip/src/core/udp.c.obj
                0x10009224                udp_sendto_if_src
 .text.udp_sendto_if
                0x10009354       0x48 CMakeFiles/CORE_MQTT.dir/C_/Program_Files/Raspberry_Pi/Pico_SDK_v1.5.1/pico-sdk/lib/lwip/src/core/udp.c.obj
                0x10009354                udp_sendto_if
 .text.udp_sendto
                0x1000939c       0x7c CMakeFiles/CORE_MQTT.dir/C_/Program_Files/Raspberry_Pi/Pico_SDK_v1.5.1/pico-sdk/lib/lwip/src/core/udp.c.obj
                0x1000939c                udp_sendto
 .text.udp_connect
                0x10009418       0x64 CMakeFiles/CORE_MQTT.dir/C_/Program_Files/Raspberry_Pi/Pico_SDK_v1.5.1/pico-sdk/lib/lwip/src/core/udp.c.obj
                0x10009418                udp_connect
 .text.udp_recv
                0x1000947c        0xc CMakeFiles/CORE_MQTT.dir/C_/Program_Files/Raspberry_Pi/Pico_SDK_v1.5.1/pico-sdk/lib/lwip/src/core/udp.c.obj
                0x1000947c                udp_recv
 .text.udp_remove
                0x10009488       0x3c CMakeFiles/CORE_MQTT.dir/C_/Program_Files/Raspberry_Pi/Pico_SDK_v1.5.1/pico-sdk/lib/lwip/src/core/udp.c.obj
                0x10009488                udp_remove
 .text.udp_new  0x100094c4       0x1c CMakeFiles/CORE_MQTT.dir/C_/Program_Files/Raspberry_Pi/Pico_SDK_v1.5.1/pico-sdk/lib/lwip/src/core/udp.c.obj
                0x100094c4                udp_new
 .text.udp_netif_ip_addr_changed
                0x100094e0       0x40 CMakeFiles/CORE_MQTT.dir/C_/Program_Files/Raspberry_Pi/Pico_SDK_v1.5.1/pico-sdk/lib/lwip/src/core/udp.c.obj
                0x100094e0                udp_netif_ip_addr_changed
 .text.dhcp_create_msg
                0x10009520      0x16c CMakeFiles/CORE_MQTT.dir/C_/Program_Files/Raspberry_Pi/Pico_SDK_v1.5.1/pico-sdk/lib/lwip/src/core/ipv4/dhcp.c.obj
 .text.dhcp_inc_pcb_refcount
                0x1000968c       0x6c CMakeFiles/CORE_MQTT.dir/C_/Program_Files/Raspberry_Pi/Pico_SDK_v1.5.1/pico-sdk/lib/lwip/src/core/ipv4/dhcp.c.obj
 .text.dhcp_bind
                0x100096f8      0x140 CMakeFiles/CORE_MQTT.dir/C_/Program_Files/Raspberry_Pi/Pico_SDK_v1.5.1/pico-sdk/lib/lwip/src/core/ipv4/dhcp.c.obj
 .text.dhcp_option_hostname.isra.0
                0x10009838       0x8c CMakeFiles/CORE_MQTT.dir/C_/Program_Files/Raspberry_Pi/Pico_SDK_v1.5.1/pico-sdk/lib/lwip/src/core/ipv4/dhcp.c.obj
 .text.dhcp_handle_ack.isra.0
                0x100098c4       0xcc CMakeFiles/CORE_MQTT.dir/C_/Program_Files/Raspberry_Pi/Pico_SDK_v1.5.1/pico-sdk/lib/lwip/src/core/ipv4/dhcp.c.obj
 .text.dhcp_reboot.isra.0
                0x10009990      0x1e4 CMakeFiles/CORE_MQTT.dir/C_/Program_Files/Raspberry_Pi/Pico_SDK_v1.5.1/pico-sdk/lib/lwip/src/core/ipv4/dhcp.c.obj
 .text.dhcp_discover
                0x10009b74      0x198 CMakeFiles/CORE_MQTT.dir/C_/Program_Files/Raspberry_Pi/Pico_SDK_v1.5.1/pico-sdk/lib/lwip/src/core/ipv4/dhcp.c.obj
 .text.dhcp_select.isra.0
                0x10009d0c      0x268 CMakeFiles/CORE_MQTT.dir/C_/Program_Files/Raspberry_Pi/Pico_SDK_v1.5.1/pico-sdk/lib/lwip/src/core/ipv4/dhcp.c.obj
 .text.dhcp_recv
                0x10009f74      0x494 CMakeFiles/CORE_MQTT.dir/C_/Program_Files/Raspberry_Pi/Pico_SDK_v1.5.1/pico-sdk/lib/lwip/src/core/ipv4/dhcp.c.obj
 .text.dhcp_set_struct
                0x1000a408       0x44 CMakeFiles/CORE_MQTT.dir/C_/Program_Files/Raspberry_Pi/Pico_SDK_v1.5.1/pico-sdk/lib/lwip/src/core/ipv4/dhcp.c.obj
                0x1000a408                dhcp_set_struct
 .text.dhcp_network_changed_link_up
                0x1000a44c       0x40 CMakeFiles/CORE_MQTT.dir/C_/Program_Files/Raspberry_Pi/Pico_SDK_v1.5.1/pico-sdk/lib/lwip/src/core/ipv4/dhcp.c.obj
                0x1000a44c                dhcp_network_changed_link_up
 .text.dhcp_renew
                0x1000a48c      0x1b8 CMakeFiles/CORE_MQTT.dir/C_/Program_Files/Raspberry_Pi/Pico_SDK_v1.5.1/pico-sdk/lib/lwip/src/core/ipv4/dhcp.c.obj
                0x1000a48c                dhcp_renew
 .text.dhcp_release_and_stop
                0x1000a644      0x180 CMakeFiles/CORE_MQTT.dir/C_/Program_Files/Raspberry_Pi/Pico_SDK_v1.5.1/pico-sdk/lib/lwip/src/core/ipv4/dhcp.c.obj
                0x1000a644                dhcp_release_and_stop
 .text.dhcp_start
                0x1000a7c4       0xb0 CMakeFiles/CORE_MQTT.dir/C_/Program_Files/Raspberry_Pi/Pico_SDK_v1.5.1/pico-sdk/lib/lwip/src/core/ipv4/dhcp.c.obj
                0x1000a7c4                dhcp_start
 .text.dhcp_coarse_tmr
                0x1000a874      0x238 CMakeFiles/CORE_MQTT.dir/C_/Program_Files/Raspberry_Pi/Pico_SDK_v1.5.1/pico-sdk/lib/lwip/src/core/ipv4/dhcp.c.obj
                0x1000a874                dhcp_coarse_tmr
 .text.dhcp_fine_tmr
                0x1000aaac       0x78 CMakeFiles/CORE_MQTT.dir/C_/Program_Files/Raspberry_Pi/Pico_SDK_v1.5.1/pico-sdk/lib/lwip/src/core/ipv4/dhcp.c.obj
                0x1000aaac                dhcp_fine_tmr
 .text.dhcp_stop
                0x1000ab24      0x180 CMakeFiles/CORE_MQTT.dir/C_/Program_Files/Raspberry_Pi/Pico_SDK_v1.5.1/pico-sdk/lib/lwip/src/core/ipv4/dhcp.c.obj
                0x1000ab24                dhcp_stop
 .text.etharp_find_entry
                0x1000aca4     0x1fbc CMakeFiles/CORE_MQTT.dir/C_/Program_Files/Raspberry_Pi/Pico_SDK_v1.5.1/pico-sdk/lib/lwip/src/core/ipv4/etharp.c.obj
 .text.etharp_raw
                0x1000cc60       0xec CMakeFiles/CORE_MQTT.dir/C_/Program_Files/Raspberry_Pi/Pico_SDK_v1.5.1/pico-sdk/lib/lwip/src/core/ipv4/etharp.c.obj
 .text.etharp_output_to_arp_index
                0x1000cd4c       0xe4 CMakeFiles/CORE_MQTT.dir/C_/Program_Files/Raspberry_Pi/Pico_SDK_v1.5.1/pico-sdk/lib/lwip/src/core/ipv4/etharp.c.obj
 .text.etharp_tmr
                0x1000ce30       0x94 CMakeFiles/CORE_MQTT.dir/C_/Program_Files/Raspberry_Pi/Pico_SDK_v1.5.1/pico-sdk/lib/lwip/src/core/ipv4/etharp.c.obj
                0x1000ce30                etharp_tmr
 .text.etharp_cleanup_netif
                0x1000cec4      0x188 CMakeFiles/CORE_MQTT.dir/C_/Program_Files/Raspberry_Pi/Pico_SDK_v1.5.1/pico-sdk/lib/lwip/src/core/ipv4/etharp.c.obj
                0x1000cec4                etharp_cleanup_netif
 .text.etharp_input
                0x1000d04c      0x1b0 CMakeFiles/CORE_MQTT.dir/C_/Program_Files/Raspberry_Pi/Pico_SDK_v1.5.1/pico-sdk/lib/lwip/src/core/ipv4/etharp.c.obj
                0x1000d04c                etharp_input
 .text.etharp_query
                0x1000d1fc      0x1c0 CMakeFiles/CORE_MQTT.dir/C_/Program_Files/Raspberry_Pi/Pico_SDK_v1.5.1/pico-sdk/lib/lwip/src/core/ipv4/etharp.c.obj
                0x1000d1fc                etharp_query
 .text.etharp_output
                0x1000d3bc      0x24c CMakeFiles/CORE_MQTT.dir/C_/Program_Files/Raspberry_Pi/Pico_SDK_v1.5.1/pico-sdk/lib/lwip/src/core/ipv4/etharp.c.obj
                0x1000d3bc                etharp_output
 .text.etharp_request
                0x1000d608       0x2c CMakeFiles/CORE_MQTT.dir/C_/Program_Files/Raspberry_Pi/Pico_SDK_v1.5.1/pico-sdk/lib/lwip/src/core/ipv4/etharp.c.obj
                0x1000d608                etharp_request
 .text.icmp_input
                0x1000d634      0x1e8 CMakeFiles/CORE_MQTT.dir/C_/Program_Files/Raspberry_Pi/Pico_SDK_v1.5.1/pico-sdk/lib/lwip/src/core/ipv4/icmp.c.obj
                0x1000d634                icmp_input
 .text.icmp_dest_unreach
                0x1000d81c       0xd0 CMakeFiles/CORE_MQTT.dir/C_/Program_Files/Raspberry_Pi/Pico_SDK_v1.5.1/pico-sdk/lib/lwip/src/core/ipv4/icmp.c.obj
                0x1000d81c                icmp_dest_unreach
 .text.icmp_time_exceeded
                0x1000d8ec       0xd0 CMakeFiles/CORE_MQTT.dir/C_/Program_Files/Raspberry_Pi/Pico_SDK_v1.5.1/pico-sdk/lib/lwip/src/core/ipv4/icmp.c.obj
                0x1000d8ec                icmp_time_exceeded
 .text.ip_reass_free_complete_datagram
                0x1000d9bc      0x114 CMakeFiles/CORE_MQTT.dir/ae783cfadb10a0055c655bcf0b179659/pico-sdk/lib/lwip/src/core/ipv4/ip4_frag.c.obj
 .text.ip_reass_remove_oldest_datagram
                0x1000dad0       0xd8 CMakeFiles/CORE_MQTT.dir/ae783cfadb10a0055c655bcf0b179659/pico-sdk/lib/lwip/src/core/ipv4/ip4_frag.c.obj
 .text.ip_reass_tmr
                0x1000dba8       0x38 CMakeFiles/CORE_MQTT.dir/ae783cfadb10a0055c655bcf0b179659/pico-sdk/lib/lwip/src/core/ipv4/ip4_frag.c.obj
                0x1000dba8                ip_reass_tmr
 .text.ip4_reass
                0x1000dbe0      0x534 CMakeFiles/CORE_MQTT.dir/ae783cfadb10a0055c655bcf0b179659/pico-sdk/lib/lwip/src/core/ipv4/ip4_frag.c.obj
                0x1000dbe0                ip4_reass
 .text.ip4_frag
                0x1000e114      0x17c CMakeFiles/CORE_MQTT.dir/ae783cfadb10a0055c655bcf0b179659/pico-sdk/lib/lwip/src/core/ipv4/ip4_frag.c.obj
                0x1000e114                ip4_frag
 .text.ip4_route
                0x1000e290       0x7c CMakeFiles/CORE_MQTT.dir/C_/Program_Files/Raspberry_Pi/Pico_SDK_v1.5.1/pico-sdk/lib/lwip/src/core/ipv4/ip4.c.obj
                0x1000e290                ip4_route
 .text.ip4_input
                0x1000e30c      0x2cc CMakeFiles/CORE_MQTT.dir/C_/Program_Files/Raspberry_Pi/Pico_SDK_v1.5.1/pico-sdk/lib/lwip/src/core/ipv4/ip4.c.obj
                0x1000e30c                ip4_input
 .text.ip4_output_if
                0x1000e5d8      0x190 CMakeFiles/CORE_MQTT.dir/C_/Program_Files/Raspberry_Pi/Pico_SDK_v1.5.1/pico-sdk/lib/lwip/src/core/ipv4/ip4.c.obj
                0x1000e5d8                ip4_output_if
 .text.ip4_output_if_src
                0x1000e768      0x17c CMakeFiles/CORE_MQTT.dir/C_/Program_Files/Raspberry_Pi/Pico_SDK_v1.5.1/pico-sdk/lib/lwip/src/core/ipv4/ip4.c.obj
                0x1000e768                ip4_output_if_src
 .text.ip4_addr_isbroadcast_u32
                0x1000e8e4       0x3c CMakeFiles/CORE_MQTT.dir/ae783cfadb10a0055c655bcf0b179659/pico-sdk/lib/lwip/src/core/ipv4/ip4_addr.c.obj
                0x1000e8e4                ip4_addr_isbroadcast_u32
 .text.ip4addr_aton
                0x1000e920      0x188 CMakeFiles/CORE_MQTT.dir/ae783cfadb10a0055c655bcf0b179659/pico-sdk/lib/lwip/src/core/ipv4/ip4_addr.c.obj
                0x1000e920                ip4addr_aton
 .text.ethernet_input
                0x1000eaa8       0xd0 CMakeFiles/CORE_MQTT.dir/C_/Program_Files/Raspberry_Pi/Pico_SDK_v1.5.1/pico-sdk/lib/lwip/src/netif/ethernet.c.obj
                0x1000eaa8                ethernet_input
 .text.ethernet_output
                0x1000eb78       0x6c CMakeFiles/CORE_MQTT.dir/C_/Program_Files/Raspberry_Pi/Pico_SDK_v1.5.1/pico-sdk/lib/lwip/src/netif/ethernet.c.obj
                0x1000eb78                ethernet_output
 .text.cyw43_arch_wifi_connect_bssid_until.part.0
                0x1000ebe4       0xd8 CMakeFiles/CORE_MQTT.dir/ae783cfadb10a0055c655bcf0b179659/pico-sdk/src/rp2_common/pico_cyw43_arch/cyw43_arch.c.obj
 .text.cyw43_arch_set_async_context
                0x1000ecbc        0xc CMakeFiles/CORE_MQTT.dir/ae783cfadb10a0055c655bcf0b179659/pico-sdk/src/rp2_common/pico_cyw43_arch/cyw43_arch.c.obj
                0x1000ecbc                cyw43_arch_set_async_context
 .text.cyw43_arch_enable_sta_mode
                0x1000ecc8       0x1c CMakeFiles/CORE_MQTT.dir/ae783cfadb10a0055c655bcf0b179659/pico-sdk/src/rp2_common/pico_cyw43_arch/cyw43_arch.c.obj
                0x1000ecc8                cyw43_arch_enable_sta_mode
 .text.cyw43_arch_wifi_connect_timeout_ms
                0x1000ece4       0x9c CMakeFiles/CORE_MQTT.dir/ae783cfadb10a0055c655bcf0b179659/pico-sdk/src/rp2_common/pico_cyw43_arch/cyw43_arch.c.obj
                0x1000ece4                cyw43_arch_wifi_connect_timeout_ms
 .text.cyw43_arch_async_context
                0x1000ed80        0xc CMakeFiles/CORE_MQTT.dir/ae783cfadb10a0055c655bcf0b179659/pico-sdk/src/rp2_common/pico_cyw43_arch/cyw43_arch.c.obj
                0x1000ed80                cyw43_arch_async_context
 .text.cyw43_arch_init
                0x1000ed8c       0x80 CMakeFiles/CORE_MQTT.dir/226ce844c917154b4591a68ffd645516/pico_cyw43_arch/cyw43_arch_threadsafe_background.c.obj
                0x1000ed8c                cyw43_arch_init
 .text.ns_delay.constprop.0
                0x1000ee0c       0x20 CMakeFiles/CORE_MQTT.dir/734ab788d52071b7ec936fd1cf9a593e/src/rp2_common/pico_cyw43_driver/cyw43_bus_pio_spi.c.obj
 .text.cyw43_spi_deinit
                0x1000ee2c       0x7c CMakeFiles/CORE_MQTT.dir/734ab788d52071b7ec936fd1cf9a593e/src/rp2_common/pico_cyw43_driver/cyw43_bus_pio_spi.c.obj
                0x1000ee2c                cyw43_spi_deinit
 .text.cyw43_spi_init
                0x1000eea8      0x154 CMakeFiles/CORE_MQTT.dir/734ab788d52071b7ec936fd1cf9a593e/src/rp2_common/pico_cyw43_driver/cyw43_bus_pio_spi.c.obj
                0x1000eea8                cyw43_spi_init
 .text.cyw43_spi_transfer
                0x1000effc      0x430 CMakeFiles/CORE_MQTT.dir/734ab788d52071b7ec936fd1cf9a593e/src/rp2_common/pico_cyw43_driver/cyw43_bus_pio_spi.c.obj
                0x1000effc                cyw43_spi_transfer
 .text.cyw43_spi_gpio_setup
                0x1000f42c       0x3c CMakeFiles/CORE_MQTT.dir/734ab788d52071b7ec936fd1cf9a593e/src/rp2_common/pico_cyw43_driver/cyw43_bus_pio_spi.c.obj
                0x1000f42c                cyw43_spi_gpio_setup
 .text.cyw43_spi_reset
                0x1000f468       0x28 CMakeFiles/CORE_MQTT.dir/734ab788d52071b7ec936fd1cf9a593e/src/rp2_common/pico_cyw43_driver/cyw43_bus_pio_spi.c.obj
                0x1000f468                cyw43_spi_reset
 .text.read_reg_u32_swap
                0x1000f490       0x3c CMakeFiles/CORE_MQTT.dir/734ab788d52071b7ec936fd1cf9a593e/src/rp2_common/pico_cyw43_driver/cyw43_bus_pio_spi.c.obj
                0x1000f490                read_reg_u32_swap
 .text.cyw43_read_reg_u32
                0x1000f4cc       0x6c CMakeFiles/CORE_MQTT.dir/734ab788d52071b7ec936fd1cf9a593e/src/rp2_common/pico_cyw43_driver/cyw43_bus_pio_spi.c.obj
                0x1000f4cc                cyw43_read_reg_u32
 .text.cyw43_read_reg_u16
                0x1000f538       0x6c CMakeFiles/CORE_MQTT.dir/734ab788d52071b7ec936fd1cf9a593e/src/rp2_common/pico_cyw43_driver/cyw43_bus_pio_spi.c.obj
                0x1000f538                cyw43_read_reg_u16
 .text.cyw43_read_reg_u8
                0x1000f5a4       0x6c CMakeFiles/CORE_MQTT.dir/734ab788d52071b7ec936fd1cf9a593e/src/rp2_common/pico_cyw43_driver/cyw43_bus_pio_spi.c.obj
                0x1000f5a4                cyw43_read_reg_u8
 .text.write_reg_u32_swap
                0x1000f610      0x1e0 CMakeFiles/CORE_MQTT.dir/734ab788d52071b7ec936fd1cf9a593e/src/rp2_common/pico_cyw43_driver/cyw43_bus_pio_spi.c.obj
                0x1000f610                write_reg_u32_swap
 .text.cyw43_write_reg_u32
                0x1000f7f0      0x200 CMakeFiles/CORE_MQTT.dir/734ab788d52071b7ec936fd1cf9a593e/src/rp2_common/pico_cyw43_driver/cyw43_bus_pio_spi.c.obj
                0x1000f7f0                cyw43_write_reg_u32
 .text.cyw43_write_reg_u16
                0x1000f9f0      0x200 CMakeFiles/CORE_MQTT.dir/734ab788d52071b7ec936fd1cf9a593e/src/rp2_common/pico_cyw43_driver/cyw43_bus_pio_spi.c.obj
                0x1000f9f0                cyw43_write_reg_u16
 .text.cyw43_write_reg_u8
                0x1000fbf0      0x200 CMakeFiles/CORE_MQTT.dir/734ab788d52071b7ec936fd1cf9a593e/src/rp2_common/pico_cyw43_driver/cyw43_bus_pio_spi.c.obj
                0x1000fbf0                cyw43_write_reg_u8
 .text.cyw43_read_bytes
                0x1000fdf0       0x78 CMakeFiles/CORE_MQTT.dir/734ab788d52071b7ec936fd1cf9a593e/src/rp2_common/pico_cyw43_driver/cyw43_bus_pio_spi.c.obj
                0x1000fdf0                cyw43_read_bytes
 .text.cyw43_write_bytes
                0x1000fe68       0xec CMakeFiles/CORE_MQTT.dir/734ab788d52071b7ec936fd1cf9a593e/src/rp2_common/pico_cyw43_driver/cyw43_bus_pio_spi.c.obj
                0x1000fe68                cyw43_write_bytes
 .text.cyw43_set_backplane_window
                0x1000ff54       0x64 CMakeFiles/CORE_MQTT.dir/C_/Program_Files/Raspberry_Pi/Pico_SDK_v1.5.1/pico-sdk/lib/cyw43-driver/src/cyw43_ll.c.obj
 .text.cyw43_ll_parse_async_event
                0x1000ffb8      0x13c CMakeFiles/CORE_MQTT.dir/C_/Program_Files/Raspberry_Pi/Pico_SDK_v1.5.1/pico-sdk/lib/cyw43-driver/src/cyw43_ll.c.obj
 .text.cyw43_kso_set
                0x100100f4       0xa0 CMakeFiles/CORE_MQTT.dir/C_/Program_Files/Raspberry_Pi/Pico_SDK_v1.5.1/pico-sdk/lib/cyw43-driver/src/cyw43_ll.c.obj
 .text.cyw43_ll_sdpcm_poll_device
                0x10010194      0x238 CMakeFiles/CORE_MQTT.dir/C_/Program_Files/Raspberry_Pi/Pico_SDK_v1.5.1/pico-sdk/lib/cyw43-driver/src/cyw43_ll.c.obj
 .text.cyw43_sdpcm_send_common
                0x100103cc       0xf0 CMakeFiles/CORE_MQTT.dir/C_/Program_Files/Raspberry_Pi/Pico_SDK_v1.5.1/pico-sdk/lib/cyw43-driver/src/cyw43_ll.c.obj
 .text.cyw43_do_ioctl
                0x100104bc      0x110 CMakeFiles/CORE_MQTT.dir/C_/Program_Files/Raspberry_Pi/Pico_SDK_v1.5.1/pico-sdk/lib/cyw43-driver/src/cyw43_ll.c.obj
 .text.cyw43_do_ioctl.constprop.0
                0x100105cc      0x108 CMakeFiles/CORE_MQTT.dir/C_/Program_Files/Raspberry_Pi/Pico_SDK_v1.5.1/pico-sdk/lib/cyw43-driver/src/cyw43_ll.c.obj
 .text.cyw43_read_backplane.constprop.0
                0x100106d4       0xdc CMakeFiles/CORE_MQTT.dir/C_/Program_Files/Raspberry_Pi/Pico_SDK_v1.5.1/pico-sdk/lib/cyw43-driver/src/cyw43_ll.c.obj
 .text.reset_device_core.constprop.0
                0x100107b0      0x3f0 CMakeFiles/CORE_MQTT.dir/C_/Program_Files/Raspberry_Pi/Pico_SDK_v1.5.1/pico-sdk/lib/cyw43-driver/src/cyw43_ll.c.obj
 .text.cyw43_ll_init
                0x10010ba0       0x1c CMakeFiles/CORE_MQTT.dir/C_/Program_Files/Raspberry_Pi/Pico_SDK_v1.5.1/pico-sdk/lib/cyw43-driver/src/cyw43_ll.c.obj
                0x10010ba0                cyw43_ll_init
 .text.cyw43_ll_deinit
                0x10010bbc        0x8 CMakeFiles/CORE_MQTT.dir/C_/Program_Files/Raspberry_Pi/Pico_SDK_v1.5.1/pico-sdk/lib/cyw43-driver/src/cyw43_ll.c.obj
                0x10010bbc                cyw43_ll_deinit
 .text.cyw43_ll_send_ethernet
                0x10010bc4       0x60 CMakeFiles/CORE_MQTT.dir/C_/Program_Files/Raspberry_Pi/Pico_SDK_v1.5.1/pico-sdk/lib/cyw43-driver/src/cyw43_ll.c.obj
                0x10010bc4                cyw43_ll_send_ethernet
 .text.cyw43_ll_process_packets
                0x10010c24       0x54 CMakeFiles/CORE_MQTT.dir/C_/Program_Files/Raspberry_Pi/Pico_SDK_v1.5.1/pico-sdk/lib/cyw43-driver/src/cyw43_ll.c.obj
                0x10010c24                cyw43_ll_process_packets
 .text.cyw43_ll_ioctl
                0x10010c78       0x20 CMakeFiles/CORE_MQTT.dir/C_/Program_Files/Raspberry_Pi/Pico_SDK_v1.5.1/pico-sdk/lib/cyw43-driver/src/cyw43_ll.c.obj
                0x10010c78                cyw43_ll_ioctl
 .text.cyw43_ll_bus_sleep
                0x10010c98       0x34 CMakeFiles/CORE_MQTT.dir/C_/Program_Files/Raspberry_Pi/Pico_SDK_v1.5.1/pico-sdk/lib/cyw43-driver/src/cyw43_ll.c.obj
                0x10010c98                cyw43_ll_bus_sleep
 .text.cyw43_ll_bus_init
                0x10010ccc      0xbf0 CMakeFiles/CORE_MQTT.dir/C_/Program_Files/Raspberry_Pi/Pico_SDK_v1.5.1/pico-sdk/lib/cyw43-driver/src/cyw43_ll.c.obj
                0x10010ccc                cyw43_ll_bus_init
 .text.cyw43_ll_wifi_on
                0x100118bc      0x240 CMakeFiles/CORE_MQTT.dir/C_/Program_Files/Raspberry_Pi/Pico_SDK_v1.5.1/pico-sdk/lib/cyw43-driver/src/cyw43_ll.c.obj
                0x100118bc                cyw43_ll_wifi_on
 .text.cyw43_ll_wifi_get_mac
                0x10011afc       0x44 CMakeFiles/CORE_MQTT.dir/C_/Program_Files/Raspberry_Pi/Pico_SDK_v1.5.1/pico-sdk/lib/cyw43-driver/src/cyw43_ll.c.obj
                0x10011afc                cyw43_ll_wifi_get_mac
 .text.cyw43_ll_wifi_pm
                0x10011b40      0x194 CMakeFiles/CORE_MQTT.dir/C_/Program_Files/Raspberry_Pi/Pico_SDK_v1.5.1/pico-sdk/lib/cyw43-driver/src/cyw43_ll.c.obj
                0x10011b40                cyw43_ll_wifi_pm
 .text.cyw43_ll_wifi_join
                0x10011cd4      0x310 CMakeFiles/CORE_MQTT.dir/C_/Program_Files/Raspberry_Pi/Pico_SDK_v1.5.1/pico-sdk/lib/cyw43-driver/src/cyw43_ll.c.obj
                0x10011cd4                cyw43_ll_wifi_join
 .text.cyw43_ll_wifi_set_wpa_auth
                0x10011fe4       0x2c CMakeFiles/CORE_MQTT.dir/C_/Program_Files/Raspberry_Pi/Pico_SDK_v1.5.1/pico-sdk/lib/cyw43-driver/src/cyw43_ll.c.obj
                0x10011fe4                cyw43_ll_wifi_set_wpa_auth
 .text.cyw43_ll_wifi_rejoin
                0x10012010       0x1c CMakeFiles/CORE_MQTT.dir/C_/Program_Files/Raspberry_Pi/Pico_SDK_v1.5.1/pico-sdk/lib/cyw43-driver/src/cyw43_ll.c.obj
                0x10012010                cyw43_ll_wifi_rejoin
 .text.cyw43_ll_wifi_ap_init
                0x1001202c      0x2c4 CMakeFiles/CORE_MQTT.dir/C_/Program_Files/Raspberry_Pi/Pico_SDK_v1.5.1/pico-sdk/lib/cyw43-driver/src/cyw43_ll.c.obj
                0x1001202c                cyw43_ll_wifi_ap_init
 .text.cyw43_ll_wifi_ap_set_up
                0x100122f0       0x54 CMakeFiles/CORE_MQTT.dir/C_/Program_Files/Raspberry_Pi/Pico_SDK_v1.5.1/pico-sdk/lib/cyw43-driver/src/cyw43_ll.c.obj
                0x100122f0                cyw43_ll_wifi_ap_set_up
 .text.cyw43_ll_has_work
                0x10012344       0x14 CMakeFiles/CORE_MQTT.dir/C_/Program_Files/Raspberry_Pi/Pico_SDK_v1.5.1/pico-sdk/lib/cyw43-driver/src/cyw43_ll.c.obj
                0x10012344                cyw43_ll_has_work
 .text.cyw43_netif_init
                0x10012358       0x3c CMakeFiles/CORE_MQTT.dir/ae783cfadb10a0055c655bcf0b179659/pico-sdk/lib/cyw43-driver/src/cyw43_lwip.c.obj
 .text.cyw43_netif_output
                0x10012394       0x34 CMakeFiles/CORE_MQTT.dir/ae783cfadb10a0055c655bcf0b179659/pico-sdk/lib/cyw43-driver/src/cyw43_lwip.c.obj
 .text.cyw43_cb_tcpip_init
                0x100123c8       0xfc CMakeFiles/CORE_MQTT.dir/ae783cfadb10a0055c655bcf0b179659/pico-sdk/lib/cyw43-driver/src/cyw43_lwip.c.obj
                0x100123c8                cyw43_cb_tcpip_init
 .text.cyw43_cb_tcpip_deinit
                0x100124c4       0x4c CMakeFiles/CORE_MQTT.dir/ae783cfadb10a0055c655bcf0b179659/pico-sdk/lib/cyw43-driver/src/cyw43_lwip.c.obj
                0x100124c4                cyw43_cb_tcpip_deinit
 .text.cyw43_cb_process_ethernet
                0x10012510       0x68 CMakeFiles/CORE_MQTT.dir/ae783cfadb10a0055c655bcf0b179659/pico-sdk/lib/cyw43-driver/src/cyw43_lwip.c.obj
                0x10012510                cyw43_cb_process_ethernet
 .text.cyw43_cb_tcpip_set_link_up
                0x10012578       0x18 CMakeFiles/CORE_MQTT.dir/ae783cfadb10a0055c655bcf0b179659/pico-sdk/lib/cyw43-driver/src/cyw43_lwip.c.obj
                0x10012578                cyw43_cb_tcpip_set_link_up
 .text.cyw43_cb_tcpip_set_link_down
                0x10012590       0x18 CMakeFiles/CORE_MQTT.dir/ae783cfadb10a0055c655bcf0b179659/pico-sdk/lib/cyw43-driver/src/cyw43_lwip.c.obj
                0x10012590                cyw43_cb_tcpip_set_link_down
 .text.cyw43_tcpip_link_status
                0x100125a8       0x34 CMakeFiles/CORE_MQTT.dir/ae783cfadb10a0055c655bcf0b179659/pico-sdk/lib/cyw43-driver/src/cyw43_lwip.c.obj
                0x100125a8                cyw43_tcpip_link_status
 .text.cyw43_poll_func
                0x100125dc       0xc0 CMakeFiles/CORE_MQTT.dir/ae783cfadb10a0055c655bcf0b179659/pico-sdk/lib/cyw43-driver/src/cyw43_ctrl.c.obj
 .text.cyw43_init
                0x1001269c       0x6c CMakeFiles/CORE_MQTT.dir/ae783cfadb10a0055c655bcf0b179659/pico-sdk/lib/cyw43-driver/src/cyw43_ctrl.c.obj
                0x1001269c                cyw43_init
 .text.cyw43_deinit
                0x10012708       0x90 CMakeFiles/CORE_MQTT.dir/ae783cfadb10a0055c655bcf0b179659/pico-sdk/lib/cyw43-driver/src/cyw43_ctrl.c.obj
                0x10012708                cyw43_deinit
 .text.cyw43_cb_read_host_interrupt_pin
                0x10012798        0xc CMakeFiles/CORE_MQTT.dir/ae783cfadb10a0055c655bcf0b179659/pico-sdk/lib/cyw43-driver/src/cyw43_ctrl.c.obj
                0x10012798                cyw43_cb_read_host_interrupt_pin
 .text.cyw43_cb_ensure_awake
                0x100127a4        0xc CMakeFiles/CORE_MQTT.dir/ae783cfadb10a0055c655bcf0b179659/pico-sdk/lib/cyw43-driver/src/cyw43_ctrl.c.obj
                0x100127a4                cyw43_cb_ensure_awake
 .text.cyw43_cb_process_async_event
                0x100127b0      0x228 CMakeFiles/CORE_MQTT.dir/ae783cfadb10a0055c655bcf0b179659/pico-sdk/lib/cyw43-driver/src/cyw43_ctrl.c.obj
                0x100127b0                cyw43_cb_process_async_event
 .text.cyw43_send_ethernet
                0x100129d8       0xc0 CMakeFiles/CORE_MQTT.dir/ae783cfadb10a0055c655bcf0b179659/pico-sdk/lib/cyw43-driver/src/cyw43_ctrl.c.obj
                0x100129d8                cyw43_send_ethernet
 .text.cyw43_wifi_get_mac
                0x10012a98       0x10 CMakeFiles/CORE_MQTT.dir/ae783cfadb10a0055c655bcf0b179659/pico-sdk/lib/cyw43-driver/src/cyw43_ctrl.c.obj
                0x10012a98                cyw43_wifi_get_mac
 .text.cyw43_wifi_set_up
                0x10012aa8      0x308 CMakeFiles/CORE_MQTT.dir/ae783cfadb10a0055c655bcf0b179659/pico-sdk/lib/cyw43-driver/src/cyw43_ctrl.c.obj
                0x10012aa8                cyw43_wifi_set_up
 .text.cyw43_wifi_link_status
                0x10012db0       0x3c CMakeFiles/CORE_MQTT.dir/ae783cfadb10a0055c655bcf0b179659/pico-sdk/lib/cyw43-driver/src/cyw43_ctrl.c.obj
                0x10012db0                cyw43_wifi_link_status
 .text.cyw43_wifi_join
                0x10012dec       0xf4 CMakeFiles/CORE_MQTT.dir/ae783cfadb10a0055c655bcf0b179659/pico-sdk/lib/cyw43-driver/src/cyw43_ctrl.c.obj
                0x10012dec                cyw43_wifi_join
 .text.pio_sm_unclaim
                0x10012ee0       0x20 CMakeFiles/CORE_MQTT.dir/ae783cfadb10a0055c655bcf0b179659/pico-sdk/src/rp2_common/hardware_pio/pio.c.obj
                0x10012ee0                pio_sm_unclaim
 .text.pio_claim_unused_sm
                0x10012f00       0x3c CMakeFiles/CORE_MQTT.dir/ae783cfadb10a0055c655bcf0b179659/pico-sdk/src/rp2_common/hardware_pio/pio.c.obj
                0x10012f00                pio_claim_unused_sm
 .text.pio_can_add_program
                0x10012f3c       0x68 CMakeFiles/CORE_MQTT.dir/ae783cfadb10a0055c655bcf0b179659/pico-sdk/src/rp2_common/hardware_pio/pio.c.obj
                0x10012f3c                pio_can_add_program
 .text.pio_add_program
                0x10012fa4       0xc8 CMakeFiles/CORE_MQTT.dir/ae783cfadb10a0055c655bcf0b179659/pico-sdk/src/rp2_common/hardware_pio/pio.c.obj
                0x10012fa4                pio_add_program
 .text.pio_remove_program
                0x1001306c       0x34 CMakeFiles/CORE_MQTT.dir/ae783cfadb10a0055c655bcf0b179659/pico-sdk/src/rp2_common/hardware_pio/pio.c.obj
                0x1001306c                pio_remove_program
 .text.pio_sm_set_pindirs_with_mask
                0x100130a0       0xa4 CMakeFiles/CORE_MQTT.dir/ae783cfadb10a0055c655bcf0b179659/pico-sdk/src/rp2_common/hardware_pio/pio.c.obj
                0x100130a0                pio_sm_set_pindirs_with_mask
 .text.pio_sm_set_consecutive_pindirs
                0x10013144       0xb0 CMakeFiles/CORE_MQTT.dir/ae783cfadb10a0055c655bcf0b179659/pico-sdk/src/rp2_common/hardware_pio/pio.c.obj
                0x10013144                pio_sm_set_consecutive_pindirs
 .text.dma_channel_unclaim
                0x100131f4       0x10 CMakeFiles/CORE_MQTT.dir/ae783cfadb10a0055c655bcf0b179659/pico-sdk/src/rp2_common/hardware_dma/dma.c.obj
                0x100131f4                dma_channel_unclaim
 .text.dma_claim_unused_channel
                0x10013204       0x20 CMakeFiles/CORE_MQTT.dir/ae783cfadb10a0055c655bcf0b179659/pico-sdk/src/rp2_common/hardware_dma/dma.c.obj
                0x10013204                dma_claim_unused_channel
 .text.dma_channel_cleanup
                0x10013224       0x60 CMakeFiles/CORE_MQTT.dir/ae783cfadb10a0055c655bcf0b179659/pico-sdk/src/rp2_common/hardware_dma/dma.c.obj
                0x10013224                dma_channel_cleanup
 .text.cyw43_sleep_timeout_reached
                0x10013284       0x10 CMakeFiles/CORE_MQTT.dir/734ab788d52071b7ec936fd1cf9a593e/src/rp2_common/pico_cyw43_driver/cyw43_driver.c.obj
 .text.cyw43_irq_init
                0x10013294       0x28 CMakeFiles/CORE_MQTT.dir/734ab788d52071b7ec936fd1cf9a593e/src/rp2_common/pico_cyw43_driver/cyw43_driver.c.obj
                0x10013294                cyw43_irq_init
 .text.cyw43_irq_deinit
                0x100132bc       0x20 CMakeFiles/CORE_MQTT.dir/734ab788d52071b7ec936fd1cf9a593e/src/rp2_common/pico_cyw43_driver/cyw43_driver.c.obj
                0x100132bc                cyw43_irq_deinit
 .text.cyw43_gpio_irq_handler
                0x100132dc       0x44 CMakeFiles/CORE_MQTT.dir/734ab788d52071b7ec936fd1cf9a593e/src/rp2_common/pico_cyw43_driver/cyw43_driver.c.obj
 .text.cyw43_do_poll
                0x10013320       0x6c CMakeFiles/CORE_MQTT.dir/734ab788d52071b7ec936fd1cf9a593e/src/rp2_common/pico_cyw43_driver/cyw43_driver.c.obj
 .text.cyw43_post_poll_hook
                0x1001338c       0x10 CMakeFiles/CORE_MQTT.dir/734ab788d52071b7ec936fd1cf9a593e/src/rp2_common/pico_cyw43_driver/cyw43_driver.c.obj
                0x1001338c                cyw43_post_poll_hook
 .text.cyw43_schedule_internal_poll_dispatch
                0x1001339c       0x18 CMakeFiles/CORE_MQTT.dir/734ab788d52071b7ec936fd1cf9a593e/src/rp2_common/pico_cyw43_driver/cyw43_driver.c.obj
                0x1001339c                cyw43_schedule_internal_poll_dispatch
 .text.cyw43_driver_init
                0x100133b4       0x38 CMakeFiles/CORE_MQTT.dir/734ab788d52071b7ec936fd1cf9a593e/src/rp2_common/pico_cyw43_driver/cyw43_driver.c.obj
                0x100133b4                cyw43_driver_init
 .text.cyw43_driver_deinit
                0x100133ec       0x44 CMakeFiles/CORE_MQTT.dir/734ab788d52071b7ec936fd1cf9a593e/src/rp2_common/pico_cyw43_driver/cyw43_driver.c.obj
                0x100133ec                cyw43_driver_deinit
 .text.cyw43_hal_generate_laa_mac
                0x10013430       0x28 CMakeFiles/CORE_MQTT.dir/734ab788d52071b7ec936fd1cf9a593e/src/rp2_common/pico_cyw43_driver/cyw43_driver.c.obj
                0x10013430                cyw43_hal_generate_laa_mac
 .text.cyw43_hal_get_mac
                0x10013458       0x1c CMakeFiles/CORE_MQTT.dir/734ab788d52071b7ec936fd1cf9a593e/src/rp2_common/pico_cyw43_driver/cyw43_driver.c.obj
                0x10013458                cyw43_hal_get_mac
 .text.cyw43_thread_enter
                0x10013474       0x14 CMakeFiles/CORE_MQTT.dir/734ab788d52071b7ec936fd1cf9a593e/src/rp2_common/pico_cyw43_driver/cyw43_driver.c.obj
                0x10013474                cyw43_thread_enter
 .text.cyw43_thread_exit
                0x10013488       0x14 CMakeFiles/CORE_MQTT.dir/734ab788d52071b7ec936fd1cf9a593e/src/rp2_common/pico_cyw43_driver/cyw43_driver.c.obj
                0x10013488                cyw43_thread_exit
 .text.cyw43_await_background_or_timeout_us
                0x1001349c       0x34 CMakeFiles/CORE_MQTT.dir/734ab788d52071b7ec936fd1cf9a593e/src/rp2_common/pico_cyw43_driver/cyw43_driver.c.obj
                0x1001349c                cyw43_await_background_or_timeout_us
 .text.cyw43_delay_ms
                0x100134d0       0x44 CMakeFiles/CORE_MQTT.dir/734ab788d52071b7ec936fd1cf9a593e/src/rp2_common/pico_cyw43_driver/cyw43_driver.c.obj
                0x100134d0                cyw43_delay_ms
 .text.cyw43_delay_us
                0x10013514       0x34 CMakeFiles/CORE_MQTT.dir/734ab788d52071b7ec936fd1cf9a593e/src/rp2_common/pico_cyw43_driver/cyw43_driver.c.obj
                0x10013514                cyw43_delay_us
 .text.async_context_threadsafe_background_acquire_lock_blocking
                0x10013548        0xc CMakeFiles/CORE_MQTT.dir/ae4d9332236f1fe5055b7c85665cebb2/async_context_threadsafe_background.c.obj
 .text.alarm_handler
                0x10013554       0x20 CMakeFiles/CORE_MQTT.dir/ae4d9332236f1fe5055b7c85665cebb2/async_context_threadsafe_background.c.obj
 .text.async_context_threadsafe_background_set_work_pending
                0x10013574       0x1c CMakeFiles/CORE_MQTT.dir/ae4d9332236f1fe5055b7c85665cebb2/async_context_threadsafe_background.c.obj
 .text.process_under_lock
                0x10013590       0xc8 CMakeFiles/CORE_MQTT.dir/ae4d9332236f1fe5055b7c85665cebb2/async_context_threadsafe_background.c.obj
 .text.async_context_threadsafe_background_execute_sync
                0x10013658       0x30 CMakeFiles/CORE_MQTT.dir/ae4d9332236f1fe5055b7c85665cebb2/async_context_threadsafe_background.c.obj
                0x10013658                async_context_threadsafe_background_execute_sync
 .text.async_context_threadsafe_background_deinit
                0x10013688       0x54 CMakeFiles/CORE_MQTT.dir/ae4d9332236f1fe5055b7c85665cebb2/async_context_threadsafe_background.c.obj
 .text.low_priority_irq_handler
                0x100136dc       0x3c CMakeFiles/CORE_MQTT.dir/ae4d9332236f1fe5055b7c85665cebb2/async_context_threadsafe_background.c.obj
 .text.async_context_threadsafe_background_wait_for_work_until
                0x10013718        0xc CMakeFiles/CORE_MQTT.dir/ae4d9332236f1fe5055b7c85665cebb2/async_context_threadsafe_background.c.obj
 .text.async_context_threadsafe_background_wait_until
                0x10013724       0x1c CMakeFiles/CORE_MQTT.dir/ae4d9332236f1fe5055b7c85665cebb2/async_context_threadsafe_background.c.obj
 .text.async_context_threadsafe_background_lock_check
                0x10013740       0x28 CMakeFiles/CORE_MQTT.dir/ae4d9332236f1fe5055b7c85665cebb2/async_context_threadsafe_background.c.obj
 .text.async_context_threadsafe_background_release_lock
                0x10013768       0x1c CMakeFiles/CORE_MQTT.dir/ae4d9332236f1fe5055b7c85665cebb2/async_context_threadsafe_background.c.obj
 .text.async_context_threadsafe_background_when_pending_worker
                0x10013784       0x34 CMakeFiles/CORE_MQTT.dir/ae4d9332236f1fe5055b7c85665cebb2/async_context_threadsafe_background.c.obj
 .text.async_context_threadsafe_background_remove_at_time_worker
                0x100137b8       0x34 CMakeFiles/CORE_MQTT.dir/ae4d9332236f1fe5055b7c85665cebb2/async_context_threadsafe_background.c.obj
 .text.async_context_threadsafe_background_add_when_pending_worker
                0x100137ec       0x34 CMakeFiles/CORE_MQTT.dir/ae4d9332236f1fe5055b7c85665cebb2/async_context_threadsafe_background.c.obj
 .text.async_context_threadsafe_background_add_at_time_worker
                0x10013820       0x34 CMakeFiles/CORE_MQTT.dir/ae4d9332236f1fe5055b7c85665cebb2/async_context_threadsafe_background.c.obj
 .text.async_context_threadsafe_background_default_config
                0x10013854        0xc CMakeFiles/CORE_MQTT.dir/ae4d9332236f1fe5055b7c85665cebb2/async_context_threadsafe_background.c.obj
                0x10013854                async_context_threadsafe_background_default_config
 .text.async_context_threadsafe_background_init
                0x10013860       0x8c CMakeFiles/CORE_MQTT.dir/ae4d9332236f1fe5055b7c85665cebb2/async_context_threadsafe_background.c.obj
                0x10013860                async_context_threadsafe_background_init
 .text.runtime_init
                0x100138ec       0xf0 CMakeFiles/CORE_MQTT.dir/ae783cfadb10a0055c655bcf0b179659/pico-sdk/src/rp2_common/pico_runtime/runtime.c.obj
                0x100138ec                runtime_init
 .text._exit    0x100139dc        0x4 CMakeFiles/CORE_MQTT.dir/ae783cfadb10a0055c655bcf0b179659/pico-sdk/src/rp2_common/pico_runtime/runtime.c.obj
                0x100139dc                _exit
 .text.exit     0x100139e0        0x8 CMakeFiles/CORE_MQTT.dir/ae783cfadb10a0055c655bcf0b179659/pico-sdk/src/rp2_common/pico_runtime/runtime.c.obj
                0x100139e0                exit
 .text.panic    0x100139e8       0x30 CMakeFiles/CORE_MQTT.dir/ae783cfadb10a0055c655bcf0b179659/pico-sdk/src/rp2_common/pico_runtime/runtime.c.obj
                0x100139e8                panic
 .text.hard_assertion_failure
                0x10013a18        0xc CMakeFiles/CORE_MQTT.dir/ae783cfadb10a0055c655bcf0b179659/pico-sdk/src/rp2_common/pico_runtime/runtime.c.obj
                0x10013a18                hard_assertion_failure
 .text._out_buffer
                0x10013a24        0x8 CMakeFiles/CORE_MQTT.dir/ae783cfadb10a0055c655bcf0b179659/pico-sdk/src/rp2_common/pico_printf/printf.c.obj
 .text._out_null
                0x10013a2c        0x4 CMakeFiles/CORE_MQTT.dir/ae783cfadb10a0055c655bcf0b179659/pico-sdk/src/rp2_common/pico_printf/printf.c.obj
 .text._out_rev
                0x10013a30       0x9c CMakeFiles/CORE_MQTT.dir/ae783cfadb10a0055c655bcf0b179659/pico-sdk/src/rp2_common/pico_printf/printf.c.obj
 .text._ntoa_format
                0x10013acc      0x1cc CMakeFiles/CORE_MQTT.dir/ae783cfadb10a0055c655bcf0b179659/pico-sdk/src/rp2_common/pico_printf/printf.c.obj
 .text._out_char
                0x10013c98       0x10 CMakeFiles/CORE_MQTT.dir/ae783cfadb10a0055c655bcf0b179659/pico-sdk/src/rp2_common/pico_printf/printf.c.obj
 .text._out_fct
                0x10013ca8       0x10 CMakeFiles/CORE_MQTT.dir/ae783cfadb10a0055c655bcf0b179659/pico-sdk/src/rp2_common/pico_printf/printf.c.obj
 .text._etoa    0x10013cb8      0x44c CMakeFiles/CORE_MQTT.dir/ae783cfadb10a0055c655bcf0b179659/pico-sdk/src/rp2_common/pico_printf/printf.c.obj
 .text._ftoa    0x10014104      0x398 CMakeFiles/CORE_MQTT.dir/ae783cfadb10a0055c655bcf0b179659/pico-sdk/src/rp2_common/pico_printf/printf.c.obj
 .text._vsnprintf
                0x1001449c      0xb04 CMakeFiles/CORE_MQTT.dir/ae783cfadb10a0055c655bcf0b179659/pico-sdk/src/rp2_common/pico_printf/printf.c.obj
 .text.__wrap_snprintf
                0x10014fa0       0x28 CMakeFiles/CORE_MQTT.dir/ae783cfadb10a0055c655bcf0b179659/pico-sdk/src/rp2_common/pico_printf/printf.c.obj
                0x10014fa0                __wrap_snprintf
 .text.vfctprintf
                0x10014fc8       0x20 CMakeFiles/CORE_MQTT.dir/ae783cfadb10a0055c655bcf0b179659/pico-sdk/src/rp2_common/pico_printf/printf.c.obj
                0x10014fc8                vfctprintf
 .text.weak_raw_vprintf
                0x10014fe8       0x30 CMakeFiles/CORE_MQTT.dir/ae783cfadb10a0055c655bcf0b179659/pico-sdk/src/rp2_common/pico_printf/printf.c.obj
                0x10014fe8                weak_raw_vprintf
 .text          0x10015018       0x10 CMakeFiles/CORE_MQTT.dir/ae783cfadb10a0055c655bcf0b179659/pico-sdk/src/rp2_common/pico_bit_ops/bit_ops_aeabi.S.obj
 .text.ctzsi    0x10015028        0xc CMakeFiles/CORE_MQTT.dir/ae783cfadb10a0055c655bcf0b179659/pico-sdk/src/rp2_common/pico_bit_ops/bit_ops_aeabi.S.obj
                0x10015028                __wrap___ctzsi2
 .text.__wrap___aeabi_idiv
                0x10015034       0x50 CMakeFiles/CORE_MQTT.dir/ae783cfadb10a0055c655bcf0b179659/pico-sdk/src/rp2_common/pico_divider/divider.S.obj
                0x10015034                __wrap___aeabi_idivmod
                0x10015034                divmod_s32s32
                0x10015034                div_s32s32
                0x10015034                __wrap___aeabi_idiv
                0x1001503c                divmod_s32s32_unsafe
                0x10015068                divmod_s32s32_savestate
 .text.__wrap___aeabi_uidiv
                0x10015084       0x4c CMakeFiles/CORE_MQTT.dir/ae783cfadb10a0055c655bcf0b179659/pico-sdk/src/rp2_common/pico_divider/divider.S.obj
                0x10015084                __wrap___aeabi_uidiv
                0x10015084                __wrap___aeabi_uidivmod
                0x10015084                div_u32u32
                0x10015084                divmod_u32u32
                0x1001508c                divmod_u32u32_unsafe
                0x100150b4                divmod_u32u32_savestate
 .text.__wrap___aeabi_ldiv
                0x100150d0      0x424 CMakeFiles/CORE_MQTT.dir/ae783cfadb10a0055c655bcf0b179659/pico-sdk/src/rp2_common/pico_divider/divider.S.obj
                0x100150d0                div_s64s64
                0x100150d0                divmod_s64s64
                0x100150d0                __wrap___aeabi_ldivmod
                0x10015100                divmod_u64u64
                0x10015100                div_u64u64
                0x10015100                __wrap___aeabi_uldivmod
                0x10015110                divmod_u64u64_savestate
                0x10015130                divmod_s64s64_unsafe
                0x100151b8                divmod_u64u64_unsafe
 .text.__wrap___aeabi_darithmetic
                0x100154f4       0x60 CMakeFiles/CORE_MQTT.dir/ae783cfadb10a0055c655bcf0b179659/pico-sdk/src/rp2_common/pico_double/double_aeabi.S.obj
                0x100154f4                __wrap___aeabi_drsub
                0x100154fa                __wrap___aeabi_dsub
                0x10015504                __wrap___aeabi_dadd
                0x1001550e                __wrap___aeabi_ddiv
                0x10015542                __wrap___aeabi_dmul
 .text.__wrap___aeabi_cdcmple
                0x10015554       0x6c CMakeFiles/CORE_MQTT.dir/ae783cfadb10a0055c655bcf0b179659/pico-sdk/src/rp2_common/pico_double/double_aeabi.S.obj
                0x10015554                __wrap___aeabi_cdrcmple
                0x10015564                __wrap___aeabi_cdcmpeq
                0x10015564                __wrap___aeabi_cdcmple
 .text.__wrap___aeabi_dcmplt
                0x100155c0        0xc CMakeFiles/CORE_MQTT.dir/ae783cfadb10a0055c655bcf0b179659/pico-sdk/src/rp2_common/pico_double/double_aeabi.S.obj
                0x100155c0                __wrap___aeabi_dcmplt
 .text.__wrap___aeabi_dcmple